Component: ARM Compiler 5.06 update 5 (build 528) Tool: armlink [4d35e2]

==============================================================================

Section Cross References

    main.o(i.main) refers to memcpya.o(.text) for __aeabi_memcpy4
    main.o(i.main) refers to ku.o(i.GPIO_Configuration1) for GPIO_Configuration1
    main.o(i.main) refers to ku.o(i.GPIO_Configuration2) for GPIO_Configuration2
    main.o(i.main) refers to ku.o(i.OLED_Init) for OLED_Init
    main.o(i.main) refers to systick.o(i.SysTick_Init) for SysTick_Init
    main.o(i.main) refers to system_stm32f10x.o(i.SystemInit) for SystemInit
    main.o(i.main) refers to printf.o(i.printf_init) for printf_init
    main.o(i.main) refers to ds1302.o(i.ds1302init) for ds1302init
    main.o(i.main) refers to nfc.o(i.nfcinit) for nfcinit
    main.o(i.main) refers to ku.o(i.Fill_RAM) for Fill_RAM
    main.o(i.main) refers to ds1302.o(i.ds1302while1) for ds1302while1
    main.o(i.main) refers to nfc.o(i.nfcwhile1) for nfcwhile1
    main.o(i.main) refers to main.o(.constdata) for .constdata
    main.o(i.main) refers to nfc.o(.data) for time
    main.o(i.main) refers to main.o(.data) for nn
    main.o(i.main) refers to ds1302.o(.data) for week
    main.o(i.main) refers to main.o(.bss) for book
    main.o(i.main) refers to dflti.o(.text) for __aeabi_i2d
    main.o(i.main) refers to cdrcmple.o(.text) for __aeabi_cdrcmple
    main.o(i.main) refers to ddiv.o(.text) for __aeabi_ddiv
    main.o(i.main) refers to dmul.o(.text) for __aeabi_dmul
    main.o(i.main) refers to dadd.o(.text) for __aeabi_dadd
    main.o(i.main) refers to dfixi.o(.text) for __aeabi_d2iz
    main.o(i.main) refers to ku.o(i.kaiji) for kaiji
    main.o(i.main) refers to ku.o(i.Delay) for Delay
    main.o(i.main) refers to ku.o(i.qieping) for qieping
    main.o(i.main) refers to ku.o(i.display_Chinese1616) for display_Chinese1616
    main.o(i.main) refers to ku.o(i.Fill_Block) for Fill_Block
    main.o(i.main) refers to ku.o(i.OLED_ShowNum) for OLED_ShowNum
    main.o(i.main) refers to ku.o(i.Show_biaoge) for Show_biaoge
    startup_stm32f10x_hd.o(RESET) refers to startup_stm32f10x_hd.o(STACK) for __initial_sp
    startup_stm32f10x_hd.o(RESET) refers to startup_stm32f10x_hd.o(.text) for Reset_Handler
    startup_stm32f10x_hd.o(RESET) refers to stm32f10x_it.o(i.NMI_Handler) for NMI_Handler
    startup_stm32f10x_hd.o(RESET) refers to stm32f10x_it.o(i.HardFault_Handler) for HardFault_Handler
    startup_stm32f10x_hd.o(RESET) refers to stm32f10x_it.o(i.MemManage_Handler) for MemManage_Handler
    startup_stm32f10x_hd.o(RESET) refers to stm32f10x_it.o(i.BusFault_Handler) for BusFault_Handler
    startup_stm32f10x_hd.o(RESET) refers to stm32f10x_it.o(i.UsageFault_Handler) for UsageFault_Handler
    startup_stm32f10x_hd.o(RESET) refers to stm32f10x_it.o(i.SVC_Handler) for SVC_Handler
    startup_stm32f10x_hd.o(RESET) refers to stm32f10x_it.o(i.DebugMon_Handler) for DebugMon_Handler
    startup_stm32f10x_hd.o(RESET) refers to stm32f10x_it.o(i.PendSV_Handler) for PendSV_Handler
    startup_stm32f10x_hd.o(RESET) refers to stm32f10x_it.o(i.SysTick_Handler) for SysTick_Handler
    startup_stm32f10x_hd.o(RESET) refers to nfc.o(i.USART1_IRQHandler) for USART1_IRQHandler
    startup_stm32f10x_hd.o(.text) refers to system_stm32f10x.o(i.SystemInit) for SystemInit
    startup_stm32f10x_hd.o(.text) refers to entry.o(.ARM.Collect$$$$00000000) for __main
    stm32f10x_gpio.o(i.GPIO_AFIODeInit) refers to stm32f10x_rcc.o(i.RCC_APB2PeriphResetCmd) for RCC_APB2PeriphResetCmd
    stm32f10x_gpio.o(i.GPIO_DeInit) refers to stm32f10x_rcc.o(i.RCC_APB2PeriphResetCmd) for RCC_APB2PeriphResetCmd
    stm32f10x_rcc.o(i.RCC_GetClocksFreq) refers to stm32f10x_rcc.o(.data) for APBAHBPrescTable
    stm32f10x_rcc.o(i.RCC_WaitForHSEStartUp) refers to stm32f10x_rcc.o(i.RCC_GetFlagStatus) for RCC_GetFlagStatus
    system_stm32f10x.o(i.SetSysClock) refers to system_stm32f10x.o(i.SetSysClockTo72) for SetSysClockTo72
    system_stm32f10x.o(i.SystemCoreClockUpdate) refers to system_stm32f10x.o(.data) for SystemCoreClock
    system_stm32f10x.o(i.SystemInit) refers to system_stm32f10x.o(i.SetSysClock) for SetSysClock
    systick.o(i.SysTick_Init) refers to misc.o(i.SysTick_CLKSourceConfig) for SysTick_CLKSourceConfig
    systick.o(i.SysTick_Init) refers to systick.o(.data) for fac_us
    systick.o(i.delay_ms) refers to systick.o(.data) for fac_ms
    systick.o(i.delay_us) refers to systick.o(.data) for fac_us
    ds1302.o(i.DS1302ReceiveByte) refers to ds1302.o(i.DelayNOP) for DelayNOP
    ds1302.o(i.DS1302SendByte) refers to ds1302.o(i.DelayNOP) for DelayNOP
    ds1302.o(i.DS1302_Configuration) refers to stm32f10x_rcc.o(i.RCC_APB2PeriphClockCmd) for RCC_APB2PeriphClockCmd
    ds1302.o(i.DS1302_Configuration) refers to stm32f10x_gpio.o(i.GPIO_ResetBits) for GPIO_ResetBits
    ds1302.o(i.DS1302_Configuration) refers to stm32f10x_gpio.o(i.GPIO_Init) for GPIO_Init
[...]
    printf0.o(i.__0printf$0) refers to printf0.o(i._printf_core) for _printf_core
    printf0.o(i.__0printf$0) refers to printf.o(i.fputc) for fputc
    printf0.o(i.__0printf$0) refers to stdout.o(.data) for __stdout
    printf0.o(i.__0snprintf$0) refers to printf0.o(i._printf_core) for _printf_core
    printf0.o(i.__0snprintf$0) refers to printf0.o(i._snputc) for _snputc
    printf0.o(i.__0sprintf$0) refers to printf0.o(i._printf_core) for _printf_core
    printf0.o(i.__0sprintf$0) refers to printf0.o(i._sputc) for _sputc
    printf0.o(i.__0vfprintf$0) refers to printf0.o(i._printf_core) for _printf_core
    printf0.o(i.__0vfprintf$0) refers to printf.o(i.fputc) for fputc
    printf0.o(i.__0vprintf$0) refers to printf0.o(i._printf_core) for _printf_core
    printf0.o(i.__0vprintf$0) refers to printf.o(i.fputc) for fputc
    printf0.o(i.__0vprintf$0) refers to stdout.o(.data) for __stdout
    printf0.o(i.__0vsnprintf$0) refers to printf0.o(i._printf_core) for _printf_core
    printf0.o(i.__0vsnprintf$0) refers to printf0.o(i._snputc) for _snputc
    printf0.o(i.__0vsprintf$0) refers to printf0.o(i._printf_core) for _printf_core
    printf0.o(i.__0vsprintf$0) refers to printf0.o(i._sputc) for _sputc
    printf1.o(i.__0fprintf$1) refers to printf1.o(i._printf_core) for _printf_core
    printf1.o(i.__0fprintf$1) refers to printf.o(i.fputc) for fputc
    printf1.o(i.__0printf$1) refers to printf1.o(i._printf_core) for _printf_core
    printf1.o(i.__0printf$1) refers to printf.o(i.fputc) for fputc
    printf1.o(i.__0printf$1) refers to stdout.o(.data) for __stdout
    printf1.o(i.__0snprintf$1) refers to printf1.o(i._printf_core) for _printf_core
    printf1.o(i.__0snprintf$1) refers to printf1.o(i._snputc) for _snputc
    printf1.o(i.__0sprintf$1) refers to printf1.o(i._printf_core) for _printf_core
    printf1.o(i.__0sprintf$1) refers to printf1.o(i._sputc) for _sputc
    printf1.o(i.__0vfprintf$1) refers to printf1.o(i._printf_core) for _printf_core
    printf1.o(i.__0vfprintf$1) refers to printf.o(i.fputc) for fputc
    printf1.o(i.__0vprintf$1) refers to printf1.o(i._printf_core) for _printf_core
    printf1.o(i.__0vprintf$1) refers to printf.o(i.fputc) for fputc
    printf1.o(i.__0vprintf$1) refers to stdout.o(.data) for __stdout
    printf1.o(i.__0vsnprintf$1) refers to printf1.o(i._printf_core) for _printf_core
    printf1.o(i.__0vsnprintf$1) refers to printf1.o(i._snputc) for _snputc
    printf1.o(i.__0vsprintf$1) refers to printf1.o(i._printf_core) for _printf_core
    printf1.o(i.__0vsprintf$1) refers to printf1.o(i._sputc) for _sputc
    printf1.o(i._printf_core) refers to uidiv.o(.text) for __aeabi_uidivmod
    printf2.o(i.__0fprintf$2) refers to printf2.o(i._printf_core) for _printf_core
    printf2.o(i.__0fprintf$2) refers to printf.o(i.fputc) for fputc
    printf2.o(i.__0printf$2) refers to printf2.o(i._printf_core) for _printf_core
    printf2.o(i.__0printf$2) refers to printf.o(i.fputc) for fputc
    printf2.o(i.__0printf$2) refers to stdout.o(.data) for __stdout
    printf2.o(i.__0snprintf$2) refers to printf2.o(i._printf_core) for _printf_core
    printf2.o(i.__0snprintf$2) refers to printf2.o(i._snputc) for _snputc
    printf2.o(i.__0sprintf$2) refers to printf2.o(i._printf_core) for _printf_core
    printf2.o(i.__0sprintf$2) refers to printf2.o(i._sputc) for _sputc
    printf2.o(i.__0vfprintf$2) refers to printf2.o(i._printf_core) for _printf_core
    printf2.o(i.__0vfprintf$2) refers to printf.o(i.fputc) for fputc
    printf2.o(i.__0vprintf$2) refers to printf2.o(i._printf_core) for _printf_core
    printf2.o(i.__0vprintf$2) refers to printf.o(i.fputc) for fputc
    printf2.o(i.__0vprintf$2) refers to stdout.o(.data) for __stdout
    printf2.o(i.__0vsnprintf$2) refers to printf2.o(i._printf_core) for _printf_core
    printf2.o(i.__0vsnprintf$2) refers to printf2.o(i._snputc) for _snputc
    printf2.o(i.__0vsprintf$2) refers to printf2.o(i._printf_core) for _printf_core
    printf2.o(i.__0vsprintf$2) refers to printf2.o(i._sputc) for _sputc
    printf3.o(i.__0fprintf$3) refers to printf3.o(i._printf_core) for _printf_core
    printf3.o(i.__0fprintf$3) refers to printf.o(i.fputc) for fputc
    printf3.o(i.__0printf$3) refers to printf3.o(i._printf_core) for _printf_core
    printf3.o(i.__0printf$3) refers to printf.o(i.fputc) for fputc
    printf3.o(i.__0printf$3) refers to stdout.o(.data) for __stdout
    printf3.o(i.__0snprintf$3) refers to printf3.o(i._printf_core) for _printf_core
    printf3.o(i.__0snprintf$3) refers to printf3.o(i._snputc) for _snputc
    printf3.o(i.__0sprintf$3) refers to printf3.o(i._printf_core) for _printf_core
    printf3.o(i.__0sprintf$3) refers to printf3.o(i._sputc) for _sputc
    printf3.o(i.__0vfprintf$3) refers to printf3.o(i._printf_core) for _printf_core
    printf3.o(i.__0vfprintf$3) refers to printf.o(i.fputc) for fputc
    printf3.o(i.__0vprintf$3) refers to printf3.o(i._printf_core) for _printf_core
    printf3.o(i.__0vprintf$3) refers to printf.o(i.fputc) for fputc
    printf3.o(i.__0vprintf$3) refers to stdout.o(.data) for __stdout
    printf3.o(i.__0vsnprintf$3) refers to printf3.o(i._printf_core) for _printf_core
    printf3.o(i.__0vsnprintf$3) refers to printf3.o(i._snputc) for _snputc
    printf3.o(i.__0vsprintf$3) refers to printf3.o(i._printf_core) for _printf_core
    printf3.o(i.__0vsprintf$3) refers to printf3.o(i._sputc) for _sputc
    printf3.o(i._printf_core) refers to uidiv.o(.text) for __aeabi_uidivmod
    printf4.o(i.__0fprintf$4) refers to printf4.o(i._printf_core) for _printf_core
    printf4.o(i.__0fprintf$4) refers to printf.o(i.fputc) for fputc
    printf4.o(i.__0printf$4) refers to printf4.o(i._printf_core) for _printf_core
    printf4.o(i.__0printf$4) refers to printf.o(i.fputc) for fputc
    printf4.o(i.__0printf$4) refers to stdout.o(.data) for __stdout
    printf4.o(i.__0snprintf$4) refers to printf4.o(i._printf_core) for _printf_core
    printf4.o(i.__0snprintf$4) refers to printf4.o(i._snputc) for _snputc
    printf4.o(i.__0sprintf$4) refers to printf4.o(i._printf_core) for _printf_core
    printf4.o(i.__0sprintf$4) refers to printf4.o(i._sputc) for _sputc
    printf4.o(i.__0vfprintf$4) refers to printf4.o(i._printf_core) for _printf_core
    printf4.o(i.__0vfprintf$4) refers to printf.o(i.fputc) for fputc
    printf4.o(i.__0vprintf$4) refers to printf4.o(i._printf_core) for _printf_core
    printf4.o(i.__0vprintf$4) refers to printf.o(i.fputc) for fputc
    printf4.o(i.__0vprintf$4) refers to stdout.o(.data) for __stdout
    printf4.o(i.__0vsnprintf$4) refers to printf4.o(i._printf_core) for _printf_core
    printf4.o(i.__0vsnprintf$4) refers to printf4.o(i._snputc) for _snputc
    printf4.o(i.__0vsprintf$4) refers to printf4.o(i._printf_core) for _printf_core
    printf4.o(i.__0vsprintf$4) refers to printf4.o(i._sputc) for _sputc
    printf4.o(i._printf_core) refers to uldiv.o(.text) for __aeabi_uldivmod
    printf5.o(i.__0fprintf$5) refers to printf5.o(i._printf_core) for _printf_core
    printf5.o(i.__0fprintf$5) refers to printf.o(i.fputc) for fputc
    printf5.o(i.__0printf$5) refers to printf5.o(i._printf_core) for _printf_core
    printf5.o(i.__0printf$5) refers to printf.o(i.fputc) for fputc
    printf5.o(i.__0printf$5) refers to stdout.o(.data) for __stdout
    printf5.o(i.__0snprintf$5) refers to printf5.o(i._printf_core) for _printf_core
    printf5.o(i.__0snprintf$5) refers to printf5.o(i._snputc) for _snputc
    printf5.o(i.__0sprintf$5) refers to printf5.o(i._printf_core) for _printf_core
    printf5.o(i.__0sprintf$5) refers to printf5.o(i._sputc) for _sputc
    printf5.o(i.__0vfprintf$5) refers to printf5.o(i._printf_core) for _printf_core
    printf5.o(i.__0vfprintf$5) refers to printf.o(i.fputc) for fputc
    printf5.o(i.__0vprintf$5) refers to printf5.o(i._printf_core) for _printf_core
    printf5.o(i.__0vprintf$5) refers to printf.o(i.fputc) for fputc
    printf5.o(i.__0vprintf$5) refers to stdout.o(.data) for __stdout
    printf5.o(i.__0vsnprintf$5) refers to printf5.o(i._printf_core) for _printf_core
    printf5.o(i.__0vsnprintf$5) refers to printf5.o(i._snputc) for _snputc
    printf5.o(i.__0vsprintf$5) refers to printf5.o(i._printf_core) for _printf_core
    printf5.o(i.__0vsprintf$5) refers to printf5.o(i._sputc) for _sputc
    printf5.o(i._printf_core) refers to uldiv.o(.text) for __aeabi_uldivmod
    printf6.o(i.__0fprintf$6) refers to printf6.o(i._printf_core) for _printf_core
    printf6.o(i.__0fprintf$6) refers to printf.o(i.fputc) for fputc
    printf6.o(i.__0printf$6) refers to printf6.o(i._printf_core) for _printf_core
    printf6.o(i.__0printf$6) refers to printf.o(i.fputc) for fputc
    printf6.o(i.__0printf$6) refers to stdout.o(.data) for __stdout
    printf6.o(i.__0snprintf$6) refers to printf6.o(i._printf_core) for _printf_core
    printf6.o(i.__0snprintf$6) refers to printf6.o(i._snputc) for _snputc
    printf6.o(i.__0sprintf$6) refers to printf6.o(i._printf_core) for _printf_core
    printf6.o(i.__0sprintf$6) refers to printf6.o(i._sputc) for _sputc
    printf6.o(i.__0vfprintf$6) refers to printf6.o(i._printf_core) for _printf_core
    printf6.o(i.__0vfprintf$6) refers to printf.o(i.fputc) for fputc
    printf6.o(i.__0vprintf$6) refers to printf6.o(i._printf_core) for _printf_core
    printf6.o(i.__0vprintf$6) refers to printf.o(i.fputc) for fputc
    printf6.o(i.__0vprintf$6) refers to stdout.o(.data) for __stdout
    printf6.o(i.__0vsnprintf$6) refers to printf6.o(i._printf_core) for _printf_core
    printf6.o(i.__0vsnprintf$6) refers to printf6.o(i._snputc) for _snputc
    printf6.o(i.__0vsprintf$6) refers to printf6.o(i._printf_core) for _printf_core
    printf6.o(i.__0vsprintf$6) refers to printf6.o(i._sputc) for _sputc
    printf6.o(i._printf_core) refers to printf6.o(i._printf_pre_padding) for _printf_pre_padding
    printf6.o(i._printf_core) refers to uidiv.o(.text) for __aeabi_uidivmod
    printf6.o(i._printf_core) refers to printf6.o(i._printf_post_padding) for _printf_post_padding
    printf7.o(i.__0fprintf$7) refers to printf7.o(i._printf_core) for _printf_core
    printf7.o(i.__0fprintf$7) refers to printf.o(i.fputc) for fputc
    printf7.o(i.__0printf$7) refers to printf7.o(i._printf_core) for _printf_core
    printf7.o(i.__0printf$7) refers to printf.o(i.fputc) for fputc
    printf7.o(i.__0printf$7) refers to stdout.o(.data) for __stdout
    printf7.o(i.__0snprintf$7) refers to printf7.o(i._printf_core) for _printf_core
    printf7.o(i.__0snprintf$7) refers to printf7.o(i._snputc) for _snputc
    printf7.o(i.__0sprintf$7) refers to printf7.o(i._printf_core) for _printf_core
    printf7.o(i.__0sprintf$7) refers to printf7.o(i._sputc) for _sputc
    printf7.o(i.__0vfprintf$7) refers to printf7.o(i._printf_core) for _printf_core
    printf7.o(i.__0vfprintf$7) refers to printf.o(i.fputc) for fputc
    printf7.o(i.__0vprintf$7) refers to printf7.o(i._printf_core) for _printf_core
    printf7.o(i.__0vprintf$7) refers to printf.o(i.fputc) for fputc
    printf7.o(i.__0vprintf$7) refers to stdout.o(.data) for __stdout
    printf7.o(i.__0vsnprintf$7) refers to printf7.o(i._printf_core) for _printf_core
    printf7.o(i.__0vsnprintf$7) refers to printf7.o(i._snputc) for _snputc
    printf7.o(i.__0vsprintf$7) refers to printf7.o(i._printf_core) for _printf_core
    printf7.o(i.__0vsprintf$7) refers to printf7.o(i._sputc) for _sputc
    printf7.o(i._printf_core) refers to printf7.o(i._printf_pre_padding) for _printf_pre_padding
    printf7.o(i._printf_core) refers to uldiv.o(.text) for __aeabi_uldivmod
    printf7.o(i._printf_core) refers to printf7.o(i._printf_post_padding) for _printf_post_padding
    printf8.o(i.__0fprintf$8) refers to printf8.o(i._printf_core) for _printf_core
    printf8.o(i.__0fprintf$8) refers to printf.o(i.fputc) for fputc
    printf8.o(i.__0printf$8) refers to printf8.o(i._printf_core) for _printf_core
    printf8.o(i.__0printf$8) refers to printf.o(i.fputc) for fputc
    printf8.o(i.__0printf$8) refers to stdout.o(.data) for __stdout
    printf8.o(i.__0snprintf$8) refers to printf8.o(i._printf_core) for _printf_core
    printf8.o(i.__0snprintf$8) refers to printf8.o(i._snputc) for _snputc
    printf8.o(i.__0sprintf$8) refers to printf8.o(i._printf_core) for _printf_core
    printf8.o(i.__0sprintf$8) refers to printf8.o(i._sputc) for _sputc
    printf8.o(i.__0vfprintf$8) refers to printf8.o(i._printf_core) for _printf_core
    printf8.o(i.__0vfprintf$8) refers to printf.o(i.fputc) for fputc
    printf8.o(i.__0vprintf$8) refers to printf8.o(i._printf_core) for _printf_core
    printf8.o(i.__0vprintf$8) refers to printf.o(i.fputc) for fputc
    printf8.o(i.__0vprintf$8) refers to stdout.o(.data) for __stdout
    printf8.o(i.__0vsnprintf$8) refers to printf8.o(i._printf_core) for _printf_core
    printf8.o(i.__0vsnprintf$8) refers to printf8.o(i._snputc) for _snputc
    printf8.o(i.__0vsprintf$8) refers to printf8.o(i._printf_core) for _printf_core
    printf8.o(i.__0vsprintf$8) refers to printf8.o(i._sputc) for _sputc
    printf8.o(i._printf_core) refers to printf8.o(i._printf_pre_padding) for _printf_pre_padding
    printf8.o(i._printf_core) refers to uldiv.o(.text) for __aeabi_uldivmod
    printf8.o(i._printf_core) refers to printf8.o(i._printf_post_padding) for _printf_post_padding
    printfa.o(i.__0fprintf) refers (Special) to iusefp.o(.text) for __I$use$fp
    printfa.o(i.__0fprintf) refers to printfa.o(i._printf_core) for _printf_core
    printfa.o(i.__0fprintf) refers to printf.o(i.fputc) for fputc
    printfa.o(i.__0printf) refers (Special) to iusefp.o(.text) for __I$use$fp
    printfa.o(i.__0printf) refers to printfa.o(i._printf_core) for _printf_core
    printfa.o(i.__0printf) refers to printf.o(i.fputc) for fputc
    printfa.o(i.__0printf) refers to stdout.o(.data) for __stdout
    printfa.o(i.__0snprintf) refers (Special) to iusefp.o(.text) for __I$use$fp
    printfa.o(i.__0snprintf) refers to printfa.o(i._printf_core) for _printf_core
    printfa.o(i.__0snprintf) refers to printfa.o(i._snputc) for _snputc
    printfa.o(i.__0sprintf) refers (Special) to iusefp.o(.text) for __I$use$fp
    printfa.o(i.__0sprintf) refers to printfa.o(i._printf_core) for _printf_core
    printfa.o(i.__0sprintf) refers to printfa.o(i._sputc) for _sputc
    printfa.o(i.__0vfprintf) refers (Special) to iusefp.o(.text) for __I$use$fp
    printfa.o(i.__0vfprintf) refers to printfa.o(i._printf_core) for _printf_core
    printfa.o(i.__0vfprintf) refers to printf.o(i.fputc) for fputc
    printfa.o(i.__0vprintf) refers (Special) to iusefp.o(.text) for __I$use$fp
    printfa.o(i.__0vprintf) refers to printfa.o(i._printf_core) for _printf_core
    printfa.o(i.__0vprintf) refers to printf.o(i.fputc) for fputc
    printfa.o(i.__0vprintf) refers to stdout.o(.data) for __stdout
    printfa.o(i.__0vsnprintf) refers (Special) to iusefp.o(.text) for __I$use$fp
    printfa.o(i.__0vsnprintf) refers to printfa.o(i._printf_core) for _printf_core
    printfa.o(i.__0vsnprintf) refers to printfa.o(i._snputc) for _snputc
    printfa.o(i.__0vsprintf) refers (Special) to iusefp.o(.text) for __I$use$fp
    printfa.o(i.__0vsprintf) refers to printfa.o(i._printf_core) for _printf_core
    printfa.o(i.__0vsprintf) refers to printfa.o(i._sputc) for _sputc
    printfa.o(i._fp_digits) refers (Special) to iusefp.o(.text) for __I$use$fp
    printfa.o(i._fp_digits) refers to dmul.o(.text) for __aeabi_dmul
    printfa.o(i._fp_digits) refers to ddiv.o(.text) for __aeabi_ddiv
    printfa.o(i._fp_digits) refers to cdrcmple.o(.text) for __aeabi_cdrcmple
    printfa.o(i._fp_digits) refers to dadd.o(.text) for __aeabi_dadd
    printfa.o(i._fp_digits) refers to dfixul.o(.text) for __aeabi_d2ulz
    printfa.o(i._fp_digits) refers to uldiv.o(.text) for __aeabi_uldivmod
    printfa.o(i._printf_core) refers (Special) to iusefp.o(.text) for __I$use$fp
    printfa.o(i._printf_core) refers to printfa.o(i._printf_pre_padding) for _printf_pre_padding
    printfa.o(i._printf_core) refers to uldiv.o(.text) for __aeabi_uldivmod
    printfa.o(i._printf_core) refers to printfa.o(i._printf_post_padding) for _printf_post_padding
    printfa.o(i._printf_core) refers to printfa.o(i._fp_digits) for _fp_digits
    printfa.o(i._printf_core) refers to uidiv.o(.text) for __aeabi_uidivmod
    printfa.o(i._printf_post_padding) refers (Special) to iusefp.o(.text) for __I$use$fp
    printfa.o(i._printf_pre_padding) refers (Special) to iusefp.o(.text) for __I$use$fp
    printfa.o(i._snputc) refers (Special) to iusefp.o(.text) for __I$use$fp
    printfa.o(i._sputc) refers (Special) to iusefp.o(.text) for __I$use$fp
    dadd.o(.text) refers (Special) to iusefp.o(.text) for __I$use$fp
    dadd.o(.text) refers to llshl.o(.text) for __aeabi_llsl
    dadd.o(.text) refers to llsshr.o(.text) for __aeabi_lasr
    dadd.o(.text) refers to depilogue.o(.text) for _double_epilogue
    dmul.o(.text) refers (Special) to iusefp.o(.text) for __I$use$fp
    dmul.o(.text) refers to depilogue.o(.text) for _double_epilogue
    ddiv.o(.text) refers (Special) to iusefp.o(.text) for __I$use$fp
    ddiv.o(.text) refers to depilogue.o(.text) for _double_round
    dflti.o(.text) refers (Special) to iusefp.o(.text) for __I$use$fp
    dflti.o(.text) refers to depilogue.o(.text) for _double_epilogue
    dfixi.o(.text) refers (Special) to iusefp.o(.text) for __I$use$fp
    dfixi.o(.text) refers to llushr.o(.text) for __aeabi_llsr
    cdrcmple.o(.text) refers (Special) to iusefp.o(.text) for __I$use$fp
    entry2.o(.ARM.Collect$$$$00000001) refers to entry2.o(.ARM.Collect$$$$00002712) for __lit__00000000
    entry2.o(.ARM.Collect$$$$00002712) refers to startup_stm32f10x_hd.o(STACK) for __initial_sp
    entry2.o(__vectab_stack_and_reset_area) refers to startup_stm32f10x_hd.o(STACK) for __initial_sp
    entry2.o(__vectab_stack_and_reset_area) refers to entry.o(.ARM.Collect$$$$00000000) for __main
    entry5.o(.ARM.Collect$$$$00000004) refers to init.o(.text) for __scatterload
    entry9a.o(.ARM.Collect$$$$0000000B) refers to main.o(i.main) for main
    entry9b.o(.ARM.Collect$$$$0000000C) refers to main.o(i.main) for main
    uldiv.o(.text) refers to llushr.o(.text) for __aeabi_llsr
    uldiv.o(.text) refers to llshl.o(.text) for __aeabi_llsl
    depilogue.o(.text) refers to llshl.o(.text) for __aeabi_llsl
    depilogue.o(.text) refers to llushr.o(.text) for __aeabi_llsr
    dfixul.o(.text) refers to llushr.o(.text) for __aeabi_llsr
    dfixul.o(.text) refers to llshl.o(.text) for __aeabi_llsl
    init.o(.text) refers to entry5.o(.ARM.Collect$$$$00000004) for __main_after_scatterload


==============================================================================

Removing Unused input sections from the image.

    Removing startup_stm32f10x_hd.o(HEAP), (512 bytes).
    Removing stm32f10x_gpio.o(i.GPIO_AFIODeInit), (20 bytes).
    Removing stm32f10x_gpio.o(i.GPIO_DeInit), (200 bytes).
    Removing stm32f10x_gpio.o(i.GPIO_ETH_MediaInterfaceConfig), (12 bytes).
    Removing stm32f10x_gpio.o(i.GPIO_EXTILineConfig), (64 bytes).
    Removing stm32f10x_gpio.o(i.GPIO_EventOutputCmd), (12 bytes).
    Removing stm32f10x_gpio.o(i.GPIO_EventOutputConfig), (32 bytes).
    Removing stm32f10x_gpio.o(i.GPIO_PinLockConfig), (18 bytes).
    Removing stm32f10x_gpio.o(i.GPIO_PinRemapConfig), (144 bytes).
    Removing stm32f10x_gpio.o(i.GPIO_ReadInputData), (8 bytes).
    Removing stm32f10x_gpio.o(i.GPIO_ReadInputDataBit), (18 bytes).
    Removing stm32f10x_gpio.o(i.GPIO_ReadOutputData), (8 bytes).
    Removing stm32f10x_gpio.o(i.GPIO_ReadOutputDataBit), (18 bytes).
    Removing stm32f10x_gpio.o(i.GPIO_StructInit), (16 bytes).
    Removing stm32f10x_gpio.o(i.GPIO_Write), (4 bytes).
    Removing stm32f10x_gpio.o(i.GPIO_WriteBit), (10 bytes).
    Removing stm32f10x_rcc.o(i.RCC_ADCCLKConfig), (24 bytes).
    Removing stm32f10x_rcc.o(i.RCC_AHBPeriphClockCmd), (32 bytes).
    Removing stm32f10x_rcc.o(i.RCC_APB1PeriphClockCmd), (32 bytes).
    Removing stm32f10x_rcc.o(i.RCC_APB1PeriphResetCmd), (32 bytes).
    Removing stm32f10x_rcc.o(i.RCC_APB2PeriphResetCmd), (32 bytes).
    Removing stm32f10x_rcc.o(i.RCC_AdjustHSICalibrationValue), (24 bytes).
    Removing stm32f10x_rcc.o(i.RCC_BackupResetCmd), (12 bytes).
    Removing stm32f10x_rcc.o(i.RCC_ClearFlag), (20 bytes).
    Removing stm32f10x_rcc.o(i.RCC_ClearITPendingBit), (12 bytes).
    Removing stm32f10x_rcc.o(i.RCC_ClockSecuritySystemCmd), (12 bytes).
    Removing stm32f10x_rcc.o(i.RCC_DeInit), (76 bytes).
    Removing stm32f10x_rcc.o(i.RCC_GetFlagStatus), (60 bytes).
    Removing stm32f10x_rcc.o(i.RCC_GetITStatus), (24 bytes).
    Removing stm32f10x_rcc.o(i.RCC_GetSYSCLKSource), (16 bytes).
    Removing stm32f10x_rcc.o(i.RCC_HCLKConfig), (24 bytes).
    Removing stm32f10x_rcc.o(i.RCC_HSEConfig), (76 bytes).
    Removing stm32f10x_rcc.o(i.RCC_HSICmd), (12 bytes).
    Removing stm32f10x_rcc.o(i.RCC_ITConfig), (32 bytes).
    Removing stm32f10x_rcc.o(i.RCC_LSEConfig), (52 bytes).
    Removing stm32f10x_rcc.o(i.RCC_LSICmd), (12 bytes).
    Removing stm32f10x_rcc.o(i.RCC_MCOConfig), (12 bytes).
    Removing stm32f10x_rcc.o(i.RCC_PCLK1Config), (24 bytes).
    Removing stm32f10x_rcc.o(i.RCC_PCLK2Config), (24 bytes).
    Removing stm32f10x_rcc.o(i.RCC_PLLCmd), (12 bytes).
    Removing stm32f10x_rcc.o(i.RCC_PLLConfig), (28 bytes).
    Removing stm32f10x_rcc.o(i.RCC_RTCCLKCmd), (12 bytes).
    Removing stm32f10x_rcc.o(i.RCC_RTCCLKConfig), (16 bytes).
    Removing stm32f10x_rcc.o(i.RCC_SYSCLKConfig), (24 bytes).
    Removing stm32f10x_rcc.o(i.RCC_USBCLKConfig), (12 bytes).
    Removing stm32f10x_rcc.o(i.RCC_WaitForHSEStartUp), (56 bytes).
    Removing misc.o(i.NVIC_SetVectorTable), (20 bytes).
    Removing misc.o(i.NVIC_SystemLPConfig), (32 bytes).
    Removing system_stm32f10x.o(i.SystemCoreClockUpdate), (164 bytes).
    Removing system_stm32f10x.o(.data), (20 bytes).
    Removing core_cm3.o(.emb_text), (32 bytes).
    Removing systick.o(i.delay_ms), (76 bytes).
    Removing systick.o(i.delay_us), (76 bytes).
    Removing ds1302.o(i.DS1302_GetTime), (62 bytes).
    Removing ds1302.o(i.ReadDSRam), (48 bytes).
    Removing ds1302.o(i.TestDS1302), (128 bytes).
    Removing ds1302.o(i.WriteDSRam), (48 bytes).
    Removing printf.o(i.fputc), (36 bytes).
    Removing stm32f10x_usart.o(i.USART_ClearITPendingBit), (30 bytes).
    Removing stm32f10x_usart.o(i.USART_ClockInit), (34 bytes).
    Removing stm32f10x_usart.o(i.USART_ClockStructInit), (12 bytes).
    Removing stm32f10x_usart.o(i.USART_DMACmd), (18 bytes).
    Removing stm32f10x_usart.o(i.USART_DeInit), (156 bytes).
    Removing stm32f10x_usart.o(i.USART_HalfDuplexCmd), (24 bytes).
    Removing stm32f10x_usart.o(i.USART_IrDACmd), (24 bytes).
    Removing stm32f10x_usart.o(i.USART_IrDAConfig), (18 bytes).
    Removing stm32f10x_usart.o(i.USART_LINBreakDetectLengthConfig), (18 bytes).
    Removing stm32f10x_usart.o(i.USART_LINCmd), (24 bytes).
    Removing stm32f10x_usart.o(i.USART_OneBitMethodCmd), (24 bytes).
    Removing stm32f10x_usart.o(i.USART_OverSampling8Cmd), (22 bytes).
    Removing stm32f10x_usart.o(i.USART_ReceiverWakeUpCmd), (24 bytes).
    Removing stm32f10x_usart.o(i.USART_SendBreak), (10 bytes).
    Removing stm32f10x_usart.o(i.USART_SetAddress), (18 bytes).
    Removing stm32f10x_usart.o(i.USART_SetGuardTime), (16 bytes).
    Removing stm32f10x_usart.o(i.USART_SetPrescaler), (16 bytes).
    Removing stm32f10x_usart.o(i.USART_SmartCardCmd), (24 bytes).
    Removing stm32f10x_usart.o(i.USART_SmartCardNACKCmd), (24 bytes).
    Removing stm32f10x_usart.o(i.USART_StructInit), (24 bytes).
    Removing stm32f10x_usart.o(i.USART_WakeUpConfig), (18 bytes).
    Removing nfc.o(i.Delay1), (18 bytes).
    Removing ku.o(i.Checkerboard), (108 bytes).
    Removing ku.o(i.Deactivate_Scroll), (10 bytes).
    Removing ku.o(i.Fade_In), (44 bytes).
    Removing ku.o(i.Fade_Out), (46 bytes).
    Removing ku.o(i.Horizontal_Scroll), (72 bytes).
    Removing ku.o(i.Rainbow), (160 bytes).
    Removing ku.o(i.Set_Linear_Gray_Scale_Table), (10 bytes).
    Removing ku.o(i.Set_Read_RAM), (10 bytes).
    Removing ku.o(i.Show_256k_Pattern), (112 bytes).
    Removing ku.o(i.Show_Font57), (608 bytes).
    Removing ku.o(i.Show_String), (72 bytes).
    Removing ku.o(i.Sleep), (44 bytes).
    Removing ku.o(i.Test), (76 bytes).
    Removing ku.o(i.Vertical_Scroll), (108 bytes).
    Removing sys.o(i.NVIC_Configuration), (12 bytes).
    Removing dfixul.o(.text), (48 bytes).

96 unused section(s) (total 4810 bytes) removed from the image.

==============================================================================

Image Symbol Table

    Local Symbols

    Symbol Name                              Value     Ov Type        Size  Object(Section)

    ../clib/../cmprslib/lz77c.c              0x00000000   Number         0  __dclz77c.o ABSOLUTE
    ../clib/microlib/division.c              0x00000000   Number         0  uldiv.o ABSOLUTE
    ../clib/microlib/division.c              0x00000000   Number         0  uidiv.o ABSOLUTE
    ../clib/microlib/init/entry.s            0x00000000   Number         0  entry11a.o ABSOLUTE
    ../clib/microlib/init/entry.s            0x00000000   Number         0  entry7b.o ABSOLUTE
    ../clib/microlib/init/entry.s            0x00000000   Number         0  entry8b.o ABSOLUTE
    ../clib/microlib/init/entry.s            0x00000000   Number         0  entry.o ABSOLUTE
    ../clib/microlib/init/entry.s            0x00000000   Number         0  entry8a.o ABSOLUTE
    ../clib/microlib/init/entry.s            0x00000000   Number         0  entry9a.o ABSOLUTE
    ../clib/microlib/init/entry.s            0x00000000   Number         0  entry2.o ABSOLUTE
    ../clib/microlib/init/entry.s            0x00000000   Number         0  entry9b.o ABSOLUTE
    ../clib/microlib/init/entry.s            0x00000000   Number         0  entry10a.o ABSOLUTE
    ../clib/microlib/init/entry.s            0x00000000   Number         0  entry5.o ABSOLUTE
    ../clib/microlib/init/entry.s            0x00000000   Number         0  entry7a.o ABSOLUTE
    ../clib/microlib/init/entry.s            0x00000000   Number         0  entry11b.o ABSOLUTE
    ../clib/microlib/init/entry.s            0x00000000   Number         0  entry10b.o ABSOLUTE
    ../clib/microlib/longlong.c              0x00000000   Number         0  llshl.o ABSOLUTE
    ../clib/microlib/longlong.c              0x00000000   Number         0  llsshr.o ABSOLUTE
    ../clib/microlib/longlong.c              0x00000000   Number         0  llushr.o ABSOLUTE
    ../clib/microlib/printf/printf.c         0x00000000   Number         0  printf1.o ABSOLUTE
    ../clib/microlib/printf/printf.c         0x00000000   Number         0  printf0.o ABSOLUTE
    ../clib/microlib/printf/printf.c         0x00000000   Number         0  printfb.o ABSOLUTE
    ../clib/microlib/printf/printf.c         0x00000000   Number         0  printf3.o ABSOLUTE
    ../clib/microlib/printf/printf.c         0x00000000   Number         0  printf4.o ABSOLUTE
    ../clib/microlib/printf/printf.c         0x00000000   Number         0  printf2.o ABSOLUTE
    ../clib/microlib/printf/printf.c         0x00000000   Number         0  printf6.o ABSOLUTE
    ../clib/microlib/printf/printf.c         0x00000000   Number         0  printf7.o ABSOLUTE
    ../clib/microlib/printf/printf.c         0x00000000   Number         0  printf8.o ABSOLUTE
    ../clib/microlib/printf/printf.c         0x00000000   Number         0  printfa.o ABSOLUTE
    ../clib/microlib/printf/printf.c         0x00000000   Number         0  printf5.o ABSOLUTE
    ../clib/microlib/printf/stubs.s          0x00000000   Number         0  stubs.o ABSOLUTE
    ../clib/microlib/stdio/streams.c         0x00000000   Number         0  stdout.o ABSOLUTE
    ../clib/microlib/string/memcpy.c         0x00000000   Number         0  memcpyb.o ABSOLUTE
    ../clib/microlib/string/memcpy.c         0x00000000   Number         0  memcpya.o ABSOLUTE
    ../clib/microlib/stubs.s                 0x00000000   Number         0  iusefp.o ABSOLUTE
    ../fplib/microlib/fpadd.c                0x00000000   Number         0  dadd.o ABSOLUTE
    ../fplib/microlib/fpdiv.c                0x00000000   Number         0  ddiv.o ABSOLUTE
    ../fplib/microlib/fpepilogue.c           0x00000000   Number         0  depilogue.o ABSOLUTE
    ../fplib/microlib/fpfix.c                0x00000000   Number         0  dfixi.o ABSOLUTE
    ../fplib/microlib/fpfix.c                0x00000000   Number         0  dfixul.o ABSOLUTE
    ../fplib/microlib/fpflt.c                0x00000000   Number         0  dflti.o ABSOLUTE
    ../fplib/microlib/fpmul.c                0x00000000   Number         0  dmul.o ABSOLUTE
    Libraries\CMSIS\core_cm3.c               0x00000000   Number         0  core_cm3.o ABSOLUTE
    Libraries\CMSIS\startup_stm32f10x_hd.s   0x00000000   Number         0  startup_stm32f10x_hd.o ABSOLUTE
    Libraries\CMSIS\system_stm32f10x.c       0x00000000   Number         0  system_stm32f10x.o ABSOLUTE
    Libraries\STM32F10x_StdPeriph_Driver\src\misc.c 0x00000000   Number         0  misc.o ABSOLUTE
    Libraries\STM32F10x_StdPeriph_Driver\src\stm32f10x_gpio.c 0x00000000   Number         0  stm32f10x_gpio.o ABSOLUTE
    Libraries\STM32F10x_StdPeriph_Driver\src\stm32f10x_rcc.c 0x00000000   Number         0  stm32f10x_rcc.o ABSOLUTE
    Libraries\\CMSIS\\core_cm3.c             0x00000000   Number         0  core_cm3.o ABSOLUTE
    Public\SysTick.c                         0x00000000   Number         0  systick.o ABSOLUTE
    Public\ds1302.c                          0x00000000   Number         0  ds1302.o ABSOLUTE
    Public\ku.c                              0x00000000   Number         0  ku.o ABSOLUTE
    Public\nfc.c                             0x00000000   Number         0  nfc.o ABSOLUTE
    Public\printf.c                          0x00000000   Number         0  printf.o ABSOLUTE
    Public\stm32f10x_usart.c                 0x00000000   Number         0  stm32f10x_usart.o ABSOLUTE
    Public\sys.c                             0x00000000   Number         0  sys.o ABSOLUTE
    Public\system.c                          0x00000000   Number         0  system.o ABSOLUTE
    User\main.c                              0x00000000   Number         0  main.o ABSOLUTE
    User\stm32f10x_it.c                      0x00000000   Number         0  stm32f10x_it.o ABSOLUTE
    cdrcmple.s                               0x00000000   Number         0  cdrcmple.o ABSOLUTE
    dc.s                                     0x00000000   Number         0  dc.o ABSOLUTE
    handlers.s                               0x00000000   Number         0  handlers.o ABSOLUTE
    init.s                                   0x00000000   Number         0  init.o ABSOLUTE
    RESET                                    0x08000000   Section      304  startup_stm32f10x_hd.o(RESET)
    .ARM.Collect$$$$00000000                 0x08000130   Section        0  entry.o(.ARM.Collect$$$$00000000)
    .ARM.Collect$$$$00000001                 0x08000130   Section        4  entry2.o(.ARM.Collect$$$$00000001)
    .ARM.Collect$$$$00000004                 0x08000134   Section        4  entry5.o(.ARM.Collect$$$$00000004)
    .ARM.Collect$$$$00000008                 0x08000138   Section        0  entry7b.o(.ARM.Collect$$$$00000008)
    .ARM.Collect$$$$0000000A                 0x08000138   Section        0  entry8b.o(.ARM.Collect$$$$0000000A)
    .ARM.Collect$$$$0000000B                 0x08000138   Section        8  entry9a.o(.ARM.Collect$$$$0000000B)
    .ARM.Collect$$$$0000000D                 0x08000140   Section        0  entry10a.o(.ARM.Collect$$$$0000000D)
    .ARM.Collect$$$$0000000F                 0x08000140   Section        0  entry11a.o(.ARM.Collect$$$$0000000F)
    .ARM.Collect$$$$00002712                 0x08000140   Section        4  entry2.o(.ARM.Collect$$$$00002712)
    __lit__00000000                          0x08000140   Data           4  entry2.o(.ARM.Collect$$$$00002712)
    .text                                    0x08000144   Section       36  startup_stm32f10x_hd.o(.text)
    .text                                    0x08000168   Section        0  memcpya.o(.text)
    .text                                    0x0800018c   Section        0  dadd.o(.text)
    .text                                    0x080002da   Section        0  dmul.o(.text)
    .text                                    0x080003be   Section        0  ddiv.o(.text)
    .text                                    0x0800049c   Section        0  dflti.o(.text)
    .text                                    0x080004be   Section        0  dfixi.o(.text)
    .text                                    0x080004fc   Section       48  cdrcmple.o(.text)
    .text                                    0x0800052c   Section        0  llshl.o(.text)
    .text                                    0x0800054a   Section        0  llushr.o(.text)
    .text                                    0x0800056a   Section        0  llsshr.o(.text)
    .text                                    0x0800058e   Section        0  iusefp.o(.text)
    .text                                    0x0800058e   Section        0  depilogue.o(.text)
    .text                                    0x08000648   Section       36  init.o(.text)
    .text                                    0x0800066c   Section        0  __dclz77c.o(.text)
    i.Anticoll                               0x080006cc   Section        0  nfc.o(i.Anticoll)
    i.BusFault_Handler                       0x08000778   Section        0  stm32f10x_it.o(i.BusFault_Handler)
    i.DS1302ReceiveByte                      0x0800077c   Section        0  ds1302.o(i.DS1302ReceiveByte)
    i.DS1302SendByte                         0x080007bc   Section        0  ds1302.o(i.DS1302SendByte)
    i.DS1302_Configuration                   0x08000804   Section        0  ds1302.o(i.DS1302_Configuration)
    i.DS1302_IN                              0x08000838   Section        0  ds1302.o(i.DS1302_IN)
    DS1302_IN                                0x08000839   Thumb Code    22  ds1302.o(i.DS1302_IN)
    i.DS1302_OUT                             0x08000858   Section        0  ds1302.o(i.DS1302_OUT)
    DS1302_OUT                               0x08000859   Thumb Code    22  ds1302.o(i.DS1302_OUT)
    i.DebugMon_Handler                       0x08000878   Section        0  stm32f10x_it.o(i.DebugMon_Handler)
    i.Delay                                  0x0800087a   Section        0  ku.o(i.Delay)
    i.DelayNOP                               0x080008aa   Section        0  ds1302.o(i.DelayNOP)
    DelayNOP                                 0x080008ab   Thumb Code    12  ds1302.o(i.DelayNOP)
    i.Draw_Rectangle                         0x080008b6   Section        0  ku.o(i.Draw_Rectangle)
    i.Fill_Block                             0x080009d8   Section        0  ku.o(i.Fill_Block)
    i.Fill_RAM                               0x08000a38   Section        0  ku.o(i.Fill_RAM)
    i.FindCard                               0x08000a7c   Section        0  nfc.o(i.FindCard)
    i.GPIO_Configuration1                    0x08000b0c   Section        0  ku.o(i.GPIO_Configuration1)
    i.GPIO_Configuration2                    0x08000b38   Section        0  ku.o(i.GPIO_Configuration2)
    i.GPIO_Init                              0x08000b64   Section        0  stm32f10x_gpio.o(i.GPIO_Init)
    i.GPIO_ResetBits                         0x08000c7a   Section        0  stm32f10x_gpio.o(i.GPIO_ResetBits)
    i.GPIO_SetBits                           0x08000c7e   Section        0  stm32f10x_gpio.o(i.GPIO_SetBits)
    i.HardFault_Handler                      0x08000c82   Section        0  stm32f10x_it.o(i.HardFault_Handler)
    i.InitClock                              0x08000c86   Section        0  ds1302.o(i.InitClock)
    i.MemManage_Handler                      0x08000ccc   Section        0  stm32f10x_it.o(i.MemManage_Handler)
    i.NMI_Handler                            0x08000cd0   Section        0  stm32f10x_it.o(i.NMI_Handler)
    i.NVIC_Init                              0x08000cd4   Section        0  misc.o(i.NVIC_Init)
    i.NVIC_PriorityGroupConfig               0x08000d44   Section        0  misc.o(i.NVIC_PriorityGroupConfig)
    i.OLED_Init                              0x08000d58   Section        0  ku.o(i.OLED_Init)
    i.OLED_ShowNum                           0x08000e3c   Section        0  ku.o(i.OLED_ShowNum)
    i.PendSV_Handler                         0x08000ed0   Section        0  stm32f10x_it.o(i.PendSV_Handler)
    i.RCC_APB2PeriphClockCmd                 0x08000ed4   Section        0  stm32f10x_rcc.o(i.RCC_APB2PeriphClockCmd)
    i.RCC_GetClocksFreq                      0x08000ef4   Section        0  stm32f10x_rcc.o(i.RCC_GetClocksFreq)
    i.Read1302                               0x08000fc8   Section        0  ds1302.o(i.Read1302)
    i.ReadDS1302Clock                        0x08001014   Section        0  ds1302.o(i.ReadDS1302Clock)
    i.ReadDS1302Ram                          0x08001080   Section        0  ds1302.o(i.ReadDS1302Ram)
    i.SVC_Handler                            0x08001098   Section        0  stm32f10x_it.o(i.SVC_Handler)
    i.SendComData                            0x0800109c   Section        0  nfc.o(i.SendComData)
    i.SetSysClock                            0x080010cc   Section        0  system_stm32f10x.o(i.SetSysClock)
    SetSysClock                              0x080010cd   Thumb Code     8  system_stm32f10x.o(i.SetSysClock)
    i.SetSysClockTo72                        0x080010d4   Section        0  system_stm32f10x.o(i.SetSysClockTo72)
    SetSysClockTo72                          0x080010d5   Thumb Code   214  system_stm32f10x.o(i.SetSysClockTo72)
    i.Set_Column_Address                     0x080011b4   Section        0  ku.o(i.Set_Column_Address)
    i.Set_Command_Lock                       0x080011ce   Section        0  ku.o(i.Set_Command_Lock)
    i.Set_Contrast_Color                     0x080011e0   Section        0  ku.o(i.Set_Contrast_Color)
    i.Set_Display_Clock                      0x08001202   Section        0  ku.o(i.Set_Display_Clock)
    i.Set_Display_Enhancement                0x08001214   Section        0  ku.o(i.Set_Display_Enhancement)
    i.Set_Display_Mode                       0x08001232   Section        0  ku.o(i.Set_Display_Mode)
    i.Set_Display_Offset                     0x08001240   Section        0  ku.o(i.Set_Display_Offset)
    i.Set_Display_On_Off                     0x08001252   Section        0  ku.o(i.Set_Display_On_Off)
    i.Set_Function_Selection                 0x08001260   Section        0  ku.o(i.Set_Function_Selection)
    i.Set_GPIO                               0x08001272   Section        0  ku.o(i.Set_GPIO)
    i.Set_Gray_Scale_Table                   0x08001284   Section        0  ku.o(i.Set_Gray_Scale_Table)
    i.Set_Master_Current                     0x08001408   Section        0  ku.o(i.Set_Master_Current)
    i.Set_Multiplex_Ratio                    0x0800141a   Section        0  ku.o(i.Set_Multiplex_Ratio)
    i.Set_Phase_Length                       0x0800142c   Section        0  ku.o(i.Set_Phase_Length)
    i.Set_Precharge_Period                   0x0800143e   Section        0  ku.o(i.Set_Precharge_Period)
    i.Set_Precharge_Voltage                  0x08001450   Section        0  ku.o(i.Set_Precharge_Voltage)
    i.Set_Remap_Format                       0x08001462   Section        0  ku.o(i.Set_Remap_Format)
    i.Set_Row_Address                        0x08001474   Section        0  ku.o(i.Set_Row_Address)
    i.Set_Start_Line                         0x0800148e   Section        0  ku.o(i.Set_Start_Line)
    i.Set_VCOMH                              0x080014a0   Section        0  ku.o(i.Set_VCOMH)
    i.Set_VSL                                0x080014b2   Section        0  ku.o(i.Set_VSL)
    i.Set_Write_RAM                          0x080014d2   Section        0  ku.o(i.Set_Write_RAM)
    i.Show_64k_Pattern                       0x080014dc   Section        0  ku.o(i.Show_64k_Pattern)
    i.Show_biaoge                            0x08001544   Section        0  ku.o(i.Show_biaoge)
    i.SysTick_CLKSourceConfig                0x080018bc   Section        0  misc.o(i.SysTick_CLKSourceConfig)
    i.SysTick_Handler                        0x080018e4   Section        0  stm32f10x_it.o(i.SysTick_Handler)
    i.SysTick_Init                           0x080018e8   Section        0  systick.o(i.SysTick_Init)
    i.SystemInit                             0x08001924   Section        0  system_stm32f10x.o(i.SystemInit)
    i.USART1_IRQHandler                      0x08001984   Section        0  nfc.o(i.USART1_IRQHandler)
    i.USART_ClearFlag                        0x08001a88   Section        0  stm32f10x_usart.o(i.USART_ClearFlag)
    i.USART_Cmd                              0x08001a9a   Section        0  stm32f10x_usart.o(i.USART_Cmd)
    i.USART_Config                           0x08001ab4   Section        0  nfc.o(i.USART_Config)
    i.USART_GetFlagStatus                    0x08001b00   Section        0  stm32f10x_usart.o(i.USART_GetFlagStatus)
    i.USART_GetITStatus                      0x08001b1a   Section        0  stm32f10x_usart.o(i.USART_GetITStatus)
    i.USART_ITConfig                         0x08001b6e   Section        0  stm32f10x_usart.o(i.USART_ITConfig)
    i.USART_Init                             0x08001bb8   Section        0  stm32f10x_usart.o(i.USART_Init)
    i.USART_ReceiveData                      0x08001c90   Section        0  stm32f10x_usart.o(i.USART_ReceiveData)
    i.USART_SendData                         0x08001c9a   Section        0  stm32f10x_usart.o(i.USART_SendData)
    i.UsageFault_Handler                     0x08001ca2   Section        0  stm32f10x_it.o(i.UsageFault_Handler)
    i.Write1302                              0x08001ca8   Section        0  ds1302.o(i.Write1302)
    i.WriteDS1302Clock                       0x08001cec   Section        0  ds1302.o(i.WriteDS1302Clock)
    i.WriteDS1302Ram                         0x08001d60   Section        0  ds1302.o(i.WriteDS1302Ram)
    i.Write_Command                          0x08001d88   Section        0  ku.o(i.Write_Command)
    i.Write_Data                             0x08001dfc   Section        0  ku.o(i.Write_Data)
    i.__scatterload_copy                     0x08001e78   Section       14  handlers.o(i.__scatterload_copy)
    i.__scatterload_null                     0x08001e86   Section        2  handlers.o(i.__scatterload_null)
    i.__scatterload_zeroinit                 0x08001e88   Section       14  handlers.o(i.__scatterload_zeroinit)
    i.beijing                                0x08001e98   Section        0  ku.o(i.beijing)
    i.delay                                  0x08001f04   Section        0  nfc.o(i.delay)
    i.display_Chinese1616                    0x08001f10   Section        0  ku.o(i.display_Chinese1616)
    i.display_char                           0x08001f80   Section        0  ku.o(i.display_char)
    i.draw_point                             0x08002000   Section        0  ku.o(i.draw_point)
    i.ds1302init                             0x08002034   Section        0  ds1302.o(i.ds1302init)
    i.ds1302while1                           0x08002064   Section        0  ds1302.o(i.ds1302while1)
    i.kaiji                                  0x08002188   Section        0  ku.o(i.kaiji)
    i.main                                   0x08002198   Section        0  main.o(i.main)
    i.nfcGPIO_Configuration                  0x08002fe4   Section        0  nfc.o(i.nfcGPIO_Configuration)
    i.nfcNVIC_Configuration                  0x08003018   Section        0  nfc.o(i.nfcNVIC_Configuration)
    i.nfcRCC_Configuration                   0x08003040   Section        0  nfc.o(i.nfcRCC_Configuration)
    i.nfcinit                                0x08003054   Section        0  nfc.o(i.nfcinit)
    i.nfcwhile1                              0x08003070   Section        0  nfc.o(i.nfcwhile1)
    i.oled_pow                               0x0800327c   Section        0  ku.o(i.oled_pow)
    i.printf_init                            0x08003294   Section        0  printf.o(i.printf_init)
    i.qieping                                0x08003348   Section        0  ku.o(i.qieping)
    i.uDelay                                 0x08003368   Section        0  ku.o(i.uDelay)
    .constdata                               0x08003378   Section       36  main.o(.constdata)
    .data                                    0x20000000   Section        4  main.o(.data)
    .data                                    0x20000004   Section       20  stm32f10x_rcc.o(.data)
    APBAHBPrescTable                         0x20000004   Data          16  stm32f10x_rcc.o(.data)
    ADCPrescTable                            0x20000014   Data           4  stm32f10x_rcc.o(.data)
    .data                                    0x20000018   Section        4  systick.o(.data)
    fac_us                                   0x20000018   Data           1  systick.o(.data)
    fac_ms                                   0x2000001a   Data           2  systick.o(.data)
    .data                                    0x2000001c   Section       18  ds1302.o(.data)
    GPIO_InitStructure                       0x2000002a   Data           4  ds1302.o(.data)
    .data                                    0x20000030   Section       52  nfc.o(.data)
    .data                                    0x20000064   Section    24338  ku.o(.data)
    .bss                                     0x20005f78   Section     2240  main.o(.bss)
    .bss                                     0x20006838   Section      132  nfc.o(.bss)
    STACK                                    0x200068c0   Section     1024  startup_stm32f10x_hd.o(STACK)

    Global Symbols

    Symbol Name                              Value     Ov Type        Size  Object(Section)

    BuildAttributes$$THM_ISAv4$P$D$K$B$S$PE$A:L22UL41UL21$X:L11$S22US41US21$IEEE1$IW$USESV6$~STKCKD$USESV7$~SHL$OSPACE$ROPI$EBA8$MICROLIB$REQ8$PRES8$EABIv2 0x00000000   Number         0  anon$$obj.o ABSOLUTE
    __ARM_use_no_argv                        0x00000000   Number         0  main.o ABSOLUTE
    _printf_a                                0x00000000   Number         0  stubs.o ABSOLUTE
    _printf_c                                0x00000000   Number         0  stubs.o ABSOLUTE
    _printf_charcount                        0x00000000   Number         0  stubs.o ABSOLUTE
    _printf_d                                0x00000000   Number         0  stubs.o ABSOLUTE
    _printf_e                                0x00000000   Number         0  stubs.o ABSOLUTE
    _printf_f                                0x00000000   Number         0  stubs.o ABSOLUTE
    _printf_flags                            0x00000000   Number         0  stubs.o ABSOLUTE
    _printf_fp_dec                           0x00000000   Number         0  stubs.o ABSOLUTE
    _printf_fp_hex                           0x00000000   Number         0  stubs.o ABSOLUTE
    _printf_g                                0x00000000   Number         0  stubs.o ABSOLUTE
    _printf_i                                0x00000000   Number         0  stubs.o ABSOLUTE
    _printf_int_dec                          0x00000000   Number         0  stubs.o ABSOLUTE
    _printf_l                                0x00000000   Number         0  stubs.o ABSOLUTE
    _printf_lc                               0x00000000   Number         0  stubs.o ABSOLUTE
    _printf_ll                               0x00000000   Number         0  stubs.o ABSOLUTE
    _printf_lld                              0x00000000   Number         0  stubs.o ABSOLUTE
    _printf_lli                              0x00000000   Number         0  stubs.o ABSOLUTE
    _printf_llo                              0x00000000   Number         0  stubs.o ABSOLUTE
    _printf_llu                              0x00000000   Number         0  stubs.o ABSOLUTE
    _printf_llx                              0x00000000   Number         0  stubs.o ABSOLUTE
    _printf_longlong_dec                     0x00000000   Number         0  stubs.o ABSOLUTE
    _printf_longlong_hex                     0x00000000   Number         0  stubs.o ABSOLUTE
    _printf_longlong_oct                     0x00000000   Number         0  stubs.o ABSOLUTE
    _printf_ls                               0x00000000   Number         0  stubs.o ABSOLUTE
    _printf_mbtowc                           0x00000000   Number         0  stubs.o ABSOLUTE
    _printf_n                                0x00000000   Number         0  stubs.o ABSOLUTE
    _printf_o                                0x00000000   Number         0  stubs.o ABSOLUTE
    _printf_p                                0x00000000   Number         0  stubs.o ABSOLUTE
    _printf_percent                          0x00000000   Number         0  stubs.o ABSOLUTE
    _printf_pre_padding                      0x00000000   Number         0  stubs.o ABSOLUTE
    _printf_return_value                     0x00000000   Number         0  stubs.o ABSOLUTE
    _printf_s                                0x00000000   Number         0  stubs.o ABSOLUTE
    _printf_sizespec                         0x00000000   Number         0  stubs.o ABSOLUTE
    _printf_str                              0x00000000   Number         0  stubs.o ABSOLUTE
    _printf_truncate_signed                  0x00000000   Number         0  stubs.o ABSOLUTE
    _printf_truncate_unsigned                0x00000000   Number         0  stubs.o ABSOLUTE
    _printf_u                                0x00000000   Number         0  stubs.o ABSOLUTE
    _printf_wc                               0x00000000   Number         0  stubs.o ABSOLUTE
    _printf_wctomb                           0x00000000   Number         0  stubs.o ABSOLUTE
    _printf_widthprec                        0x00000000   Number         0  stubs.o ABSOLUTE
    _printf_x                                0x00000000   Number         0  stubs.o ABSOLUTE
    __cpp_initialize__aeabi_                  - Undefined Weak Reference
    __cxa_finalize                            - Undefined Weak Reference
    _clock_init                               - Undefined Weak Reference
    _microlib_exit                            - Undefined Weak Reference
    __Vectors_Size                           0x00000130   Number         0  startup_stm32f10x_hd.o ABSOLUTE
    __Vectors                                0x08000000   Data           4  startup_stm32f10x_hd.o(RESET)
    __Vectors_End                            0x08000130   Data           0  startup_stm32f10x_hd.o(RESET)
    __main                                   0x08000131   Thumb Code     0  entry.o(.ARM.Collect$$$$00000000)
    _main_stk                                0x08000131   Thumb Code     0  entry2.o(.ARM.Collect$$$$00000001)
    _main_scatterload                        0x08000135   Thumb Code     0  entry5.o(.ARM.Collect$$$$00000004)
    __main_after_scatterload                 0x08000139   Thumb Code     0  entry5.o(.ARM.Collect$$$$00000004)
    _main_clock                              0x08000139   Thumb Code     0  entry7b.o(.ARM.Collect$$$$00000008)
    _main_cpp_init                           0x08000139   Thumb Code     0  entry8b.o(.ARM.Collect$$$$0000000A)
    _main_init                               0x08000139   Thumb Code     0  entry9a.o(.ARM.Collect$$$$0000000B)
    __rt_final_cpp                           0x08000141   Thumb Code     0  entry10a.o(.ARM.Collect$$$$0000000D)
    __rt_final_exit                          0x08000141   Thumb Code     0  entry11a.o(.ARM.Collect$$$$0000000F)
    Reset_Handler                            0x08000145   Thumb Code     8  startup_stm32f10x_hd.o(.text)
    ADC1_2_IRQHandler                        0x0800015f   Thumb Code     0  startup_stm32f10x_hd.o(.text)
    ADC3_IRQHandler                          0x0800015f   Thumb Code     0  startup_stm32f10x_hd.o(.text)
    CAN1_RX1_IRQHandler                      0x0800015f   Thumb Code     0  startup_stm32f10x_hd.o(.text)
    CAN1_SCE_IRQHandler                      0x0800015f   Thumb Code     0  startup_stm32f10x_hd.o(.text)
    DMA1_Channel1_IRQHandler                 0x0800015f   Thumb Code     0  startup_stm32f10x_hd.o(.text)
    DMA1_Channel2_IRQHandler                 0x0800015f   Thumb Code     0  startup_stm32f10x_hd.o(.text)
    DMA1_Channel3_IRQHandler                 0x0800015f   Thumb Code     0  startup_stm32f10x_hd.o(.text)
    DMA1_Channel4_IRQHandler                 0x0800015f   Thumb Code     0  startup_stm32f10x_hd.o(.text)
    DMA1_Channel5_IRQHandler                 0x0800015f   Thumb Code     0  startup_stm32f10x_hd.o(.text)
    DMA1_Channel6_IRQHandler                 0x0800015f   Thumb Code     0  startup_stm32f10x_hd.o(.text)
    DMA1_Channel7_IRQHandler                 0x0800015f   Thumb Code     0  startup_stm32f10x_hd.o(.text)
    DMA2_Channel1_IRQHandler                 0x0800015f   Thumb Code     0  startup_stm32f10x_hd.o(.text)
    DMA2_Channel2_IRQHandler                 0x0800015f   Thumb Code     0  startup_stm32f10x_hd.o(.text)
    DMA2_Channel3_IRQHandler                 0x0800015f   Thumb Code     0  startup_stm32f10x_hd.o(.text)
    DMA2_Channel4_5_IRQHandler               0x0800015f   Thumb Code     0  startup_stm32f10x_hd.o(.text)
    EXTI0_IRQHandler                         0x0800015f   Thumb Code     0  startup_stm32f10x_hd.o(.text)
    EXTI15_10_IRQHandler                     0x0800015f   Thumb Code     0  startup_stm32f10x_hd.o(.text)
    EXTI1_IRQHandler                         0x0800015f   Thumb Code     0  startup_stm32f10x_hd.o(.text)
    EXTI2_IRQHandler                         0x0800015f   Thumb Code     0  startup_stm32f10x_hd.o(.text)
    EXTI3_IRQHandler                         0x0800015f   Thumb Code     0  startup_stm32f10x_hd.o(.text)
    EXTI4_IRQHandler                         0x0800015f   Thumb Code     0  startup_stm32f10x_hd.o(.text)
    EXTI9_5_IRQHandler                       0x0800015f   Thumb Code     0  startup_stm32f10x_hd.o(.text)
    FLASH_IRQHandler                         0x0800015f   Thumb Code     0  startup_stm32f10x_hd.o(.text)
    FSMC_IRQHandler                          0x0800015f   Thumb Code     0  startup_stm32f10x_hd.o(.text)
    I2C1_ER_IRQHandler                       0x0800015f   Thumb Code     0  startup_stm32f10x_hd.o(.text)
    I2C1_EV_IRQHandler                       0x0800015f   Thumb Code     0  startup_stm32f10x_hd.o(.text)
    I2C2_ER_IRQHandler                       0x0800015f   Thumb Code     0  startup_stm32f10x_hd.o(.text)
    I2C2_EV_IRQHandler                       0x0800015f   Thumb Code     0  startup_stm32f10x_hd.o(.text)
    PVD_IRQHandler                           0x0800015f   Thumb Code     0  startup_stm32f10x_hd.o(.text)
    RCC_IRQHandler                           0x0800015f   Thumb Code     0  startup_stm32f10x_hd.o(.text)
    RTCAlarm_IRQHandler                      0x0800015f   Thumb Code     0  startup_stm32f10x_hd.o(.text)
    RTC_IRQHandler                           0x0800015f   Thumb Code     0  startup_stm32f10x_hd.o(.text)
    SDIO_IRQHandler                          0x0800015f   Thumb Code     0  startup_stm32f10x_hd.o(.text)
    SPI1_IRQHandler                          0x0800015f   Thumb Code     0  startup_stm32f10x_hd.o(.text)
    SPI2_IRQHandler                          0x0800015f   Thumb Code     0  startup_stm32f10x_hd.o(.text)
    SPI3_IRQHandler                          0x0800015f   Thumb Code     0  startup_stm32f10x_hd.o(.text)
    TAMPER_IRQHandler                        0x0800015f   Thumb Code     0  startup_stm32f10x_hd.o(.text)
    TIM1_BRK_IRQHandler                      0x0800015f   Thumb Code     0  startup_stm32f10x_hd.o(.text)
    TIM1_CC_IRQHandler                       0x0800015f   Thumb Code     0  startup_stm32f10x_hd.o(.text)
    TIM1_TRG_COM_IRQHandler                  0x0800015f   Thumb Code     0  startup_stm32f10x_hd.o(.text)
    TIM1_UP_IRQHandler                       0x0800015f   Thumb Code     0  startup_stm32f10x_hd.o(.text)
    TIM2_IRQHandler                          0x0800015f   Thumb Code     0  startup_stm32f10x_hd.o(.text)
    TIM3_IRQHandler                          0x0800015f   Thumb Code     0  startup_stm32f10x_hd.o(.text)
    TIM4_IRQHandler                          0x0800015f   Thumb Code     0  startup_stm32f10x_hd.o(.text)
    TIM5_IRQHandler                          0x0800015f   Thumb Code     0  startup_stm32f10x_hd.o(.text)
    TIM6_IRQHandler                          0x0800015f   Thumb Code     0  startup_stm32f10x_hd.o(.text)
    TIM7_IRQHandler                          0x0800015f   Thumb Code     0  startup_stm32f10x_hd.o(.text)
    TIM8_BRK_IRQHandler                      0x0800015f   Thumb Code     0  startup_stm32f10x_hd.o(.text)
    TIM8_CC_IRQHandler                       0x0800015f   Thumb Code     0  startup_stm32f10x_hd.o(.text)
    TIM8_TRG_COM_IRQHandler                  0x0800015f   Thumb Code     0  startup_stm32f10x_hd.o(.text)
    TIM8_UP_IRQHandler                       0x0800015f   Thumb Code     0  startup_stm32f10x_hd.o(.text)
    UART4_IRQHandler                         0x0800015f   Thumb Code     0  startup_stm32f10x_hd.o(.text)
    UART5_IRQHandler                         0x0800015f   Thumb Code     0  startup_stm32f10x_hd.o(.text)
    USART2_IRQHandler                        0x0800015f   Thumb Code     0  startup_stm32f10x_hd.o(.text)
    USART3_IRQHandler                        0x0800015f   Thumb Code     0  startup_stm32f10x_hd.o(.text)
    USBWakeUp_IRQHandler                     0x0800015f   Thumb Code     0  startup_stm32f10x_hd.o(.text)
    USB_HP_CAN1_TX_IRQHandler                0x0800015f   Thumb Code     0  startup_stm32f10x_hd.o(.text)
    USB_LP_CAN1_RX0_IRQHandler               0x0800015f   Thumb Code     0  startup_stm32f10x_hd.o(.text)
    WWDG_IRQHandler                          0x0800015f   Thumb Code     0  startup_stm32f10x_hd.o(.text)
    __aeabi_memcpy                           0x08000169   Thumb Code    36  memcpya.o(.text)
    __aeabi_memcpy4                          0x08000169   Thumb Code     0  memcpya.o(.text)
    __aeabi_memcpy8                          0x08000169   Thumb Code     0  memcpya.o(.text)
    __aeabi_dadd                             0x0800018d   Thumb Code   322  dadd.o(.text)
    __aeabi_dsub                             0x080002cf   Thumb Code     6  dadd.o(.text)
    __aeabi_drsub                            0x080002d5   Thumb Code     6  dadd.o(.text)
    __aeabi_dmul                             0x080002db   Thumb Code   228  dmul.o(.text)
    __aeabi_ddiv                             0x080003bf   Thumb Code   222  ddiv.o(.text)
    __aeabi_i2d                              0x0800049d   Thumb Code    34  dflti.o(.text)
    __aeabi_d2iz                             0x080004bf   Thumb Code    62  dfixi.o(.text)
    __aeabi_cdrcmple                         0x080004fd   Thumb Code    48  cdrcmple.o(.text)
    __aeabi_llsl                             0x0800052d   Thumb Code    30  llshl.o(.text)
    _ll_shift_l                              0x0800052d   Thumb Code     0  llshl.o(.text)
    __aeabi_llsr                             0x0800054b   Thumb Code    32  llushr.o(.text)
    _ll_ushift_r                             0x0800054b   Thumb Code     0  llushr.o(.text)
    __aeabi_lasr                             0x0800056b   Thumb Code    36  llsshr.o(.text)
    _ll_sshift_r                             0x0800056b   Thumb Code     0  llsshr.o(.text)
    __I$use$fp                               0x0800058f   Thumb Code     0  iusefp.o(.text)
    _double_round                            0x0800058f   Thumb Code    30  depilogue.o(.text)
    _double_epilogue                         0x080005ad   Thumb Code   156  depilogue.o(.text)
    __scatterload                            0x08000649   Thumb Code    28  init.o(.text)
    __scatterload_rt2                        0x08000649   Thumb Code     0  init.o(.text)
    __decompress                             0x0800066d   Thumb Code     0  __dclz77c.o(.text)
    __decompress2                            0x0800066d   Thumb Code    94  __dclz77c.o(.text)
    Anticoll                                 0x080006cd   Thumb Code   156  nfc.o(i.Anticoll)
    BusFault_Handler                         0x08000779   Thumb Code     4  stm32f10x_it.o(i.BusFault_Handler)
    DS1302ReceiveByte                        0x0800077d   Thumb Code    58  ds1302.o(i.DS1302ReceiveByte)
    DS1302SendByte                           0x080007bd   Thumb Code    68  ds1302.o(i.DS1302SendByte)
    DS1302_Configuration                     0x08000805   Thumb Code    44  ds1302.o(i.DS1302_Configuration)
    DebugMon_Handler                         0x08000879   Thumb Code     2  stm32f10x_it.o(i.DebugMon_Handler)
    Delay                                    0x0800087b   Thumb Code    48  ku.o(i.Delay)
    Draw_Rectangle                           0x080008b7   Thumb Code   290  ku.o(i.Draw_Rectangle)
    Fill_Block                               0x080009d9   Thumb Code    96  ku.o(i.Fill_Block)
    Fill_RAM                                 0x08000a39   Thumb Code    68  ku.o(i.Fill_RAM)
    FindCard                                 0x08000a7d   Thumb Code   132  nfc.o(i.FindCard)
    GPIO_Configuration1                      0x08000b0d   Thumb Code    38  ku.o(i.GPIO_Configuration1)
    GPIO_Configuration2                      0x08000b39   Thumb Code    38  ku.o(i.GPIO_Configuration2)
    GPIO_Init                                0x08000b65   Thumb Code   278  stm32f10x_gpio.o(i.GPIO_Init)
    GPIO_ResetBits                           0x08000c7b   Thumb Code     4  stm32f10x_gpio.o(i.GPIO_ResetBits)
    GPIO_SetBits                             0x08000c7f   Thumb Code     4  stm32f10x_gpio.o(i.GPIO_SetBits)
    HardFault_Handler                        0x08000c83   Thumb Code     4  stm32f10x_it.o(i.HardFault_Handler)
    InitClock                                0x08000c87   Thumb Code    70  ds1302.o(i.InitClock)
    MemManage_Handler                        0x08000ccd   Thumb Code     4  stm32f10x_it.o(i.MemManage_Handler)
    NMI_Handler                              0x08000cd1   Thumb Code     2  stm32f10x_it.o(i.NMI_Handler)
    NVIC_Init                                0x08000cd5   Thumb Code   100  misc.o(i.NVIC_Init)
    NVIC_PriorityGroupConfig                 0x08000d45   Thumb Code    10  misc.o(i.NVIC_PriorityGroupConfig)
    OLED_Init                                0x08000d59   Thumb Code   224  ku.o(i.OLED_Init)
    OLED_ShowNum                             0x08000e3d   Thumb Code   148  ku.o(i.OLED_ShowNum)
    PendSV_Handler                           0x08000ed1   Thumb Code     2  stm32f10x_it.o(i.PendSV_Handler)
    RCC_APB2PeriphClockCmd                   0x08000ed5   Thumb Code    26  stm32f10x_rcc.o(i.RCC_APB2PeriphClockCmd)
    RCC_GetClocksFreq                        0x08000ef5   Thumb Code   192  stm32f10x_rcc.o(i.RCC_GetClocksFreq)
    Read1302                                 0x08000fc9   Thumb Code    70  ds1302.o(i.Read1302)
    ReadDS1302Clock                          0x08001015   Thumb Code   104  ds1302.o(i.ReadDS1302Clock)
    ReadDS1302Ram                            0x08001081   Thumb Code    24  ds1302.o(i.ReadDS1302Ram)
    SVC_Handler                              0x08001099   Thumb Code     2  stm32f10x_it.o(i.SVC_Handler)
    SendComData                              0x0800109d   Thumb Code    44  nfc.o(i.SendComData)
    Set_Column_Address                       0x080011b5   Thumb Code    26  ku.o(i.Set_Column_Address)
    Set_Command_Lock                         0x080011cf   Thumb Code    18  ku.o(i.Set_Command_Lock)
    Set_Contrast_Color                       0x080011e1   Thumb Code    34  ku.o(i.Set_Contrast_Color)
    Set_Display_Clock                        0x08001203   Thumb Code    18  ku.o(i.Set_Display_Clock)
    Set_Display_Enhancement                  0x08001215   Thumb Code    30  ku.o(i.Set_Display_Enhancement)
    Set_Display_Mode                         0x08001233   Thumb Code    14  ku.o(i.Set_Display_Mode)
    Set_Display_Offset                       0x08001241   Thumb Code    18  ku.o(i.Set_Display_Offset)
    Set_Display_On_Off                       0x08001253   Thumb Code    14  ku.o(i.Set_Display_On_Off)
    Set_Function_Selection                   0x08001261   Thumb Code    18  ku.o(i.Set_Function_Selection)
    Set_GPIO                                 0x08001273   Thumb Code    18  ku.o(i.Set_GPIO)
    Set_Gray_Scale_Table                     0x08001285   Thumb Code   388  ku.o(i.Set_Gray_Scale_Table)
    Set_Master_Current                       0x08001409   Thumb Code    18  ku.o(i.Set_Master_Current)
    Set_Multiplex_Ratio                      0x0800141b   Thumb Code    18  ku.o(i.Set_Multiplex_Ratio)
    Set_Phase_Length                         0x0800142d   Thumb Code    18  ku.o(i.Set_Phase_Length)
    Set_Precharge_Period                     0x0800143f   Thumb Code    18  ku.o(i.Set_Precharge_Period)
    Set_Precharge_Voltage                    0x08001451   Thumb Code    18  ku.o(i.Set_Precharge_Voltage)
    Set_Remap_Format                         0x08001463   Thumb Code    18  ku.o(i.Set_Remap_Format)
    Set_Row_Address                          0x08001475   Thumb Code    26  ku.o(i.Set_Row_Address)
    Set_Start_Line                           0x0800148f   Thumb Code    18  ku.o(i.Set_Start_Line)
    Set_VCOMH                                0x080014a1   Thumb Code    18  ku.o(i.Set_VCOMH)
    Set_VSL                                  0x080014b3   Thumb Code    32  ku.o(i.Set_VSL)
    Set_Write_RAM                            0x080014d3   Thumb Code    10  ku.o(i.Set_Write_RAM)
    Show_64k_Pattern                         0x080014dd   Thumb Code   104  ku.o(i.Show_64k_Pattern)
    Show_biaoge                              0x08001545   Thumb Code   888  ku.o(i.Show_biaoge)
    SysTick_CLKSourceConfig                  0x080018bd   Thumb Code    40  misc.o(i.SysTick_CLKSourceConfig)
    SysTick_Handler                          0x080018e5   Thumb Code     2  stm32f10x_it.o(i.SysTick_Handler)
    SysTick_Init                             0x080018e9   Thumb Code    52  systick.o(i.SysTick_Init)
    SystemInit                               0x08001925   Thumb Code    78  system_stm32f10x.o(i.SystemInit)
    USART1_IRQHandler                        0x08001985   Thumb Code   232  nfc.o(i.USART1_IRQHandler)
    USART_ClearFlag                          0x08001a89   Thumb Code    18  stm32f10x_usart.o(i.USART_ClearFlag)
    USART_Cmd                                0x08001a9b   Thumb Code    24  stm32f10x_usart.o(i.USART_Cmd)
    USART_Config                             0x08001ab5   Thumb Code    66  nfc.o(i.USART_Config)
    USART_GetFlagStatus                      0x08001b01   Thumb Code    26  stm32f10x_usart.o(i.USART_GetFlagStatus)
    USART_GetITStatus                        0x08001b1b   Thumb Code    84  stm32f10x_usart.o(i.USART_GetITStatus)
    USART_ITConfig                           0x08001b6f   Thumb Code    74  stm32f10x_usart.o(i.USART_ITConfig)
    USART_Init                               0x08001bb9   Thumb Code   210  stm32f10x_usart.o(i.USART_Init)
    USART_ReceiveData                        0x08001c91   Thumb Code    10  stm32f10x_usart.o(i.USART_ReceiveData)
    USART_SendData                           0x08001c9b   Thumb Code     8  stm32f10x_usart.o(i.USART_SendData)
    UsageFault_Handler                       0x08001ca3   Thumb Code     4  stm32f10x_it.o(i.UsageFault_Handler)
    Write1302                                0x08001ca9   Thumb Code    62  ds1302.o(i.Write1302)
    WriteDS1302Clock                         0x08001ced   Thumb Code   110  ds1302.o(i.WriteDS1302Clock)
    WriteDS1302Ram                           0x08001d61   Thumb Code    40  ds1302.o(i.WriteDS1302Ram)
    Write_Command                            0x08001d89   Thumb Code   112  ku.o(i.Write_Command)
    Write_Data                               0x08001dfd   Thumb Code   118  ku.o(i.Write_Data)
    __scatterload_copy                       0x08001e79   Thumb Code    14  handlers.o(i.__scatterload_copy)
    __scatterload_null                       0x08001e87   Thumb Code     2  handlers.o(i.__scatterload_null)
    __scatterload_zeroinit                   0x08001e89   Thumb Code    14  handlers.o(i.__scatterload_zeroinit)
    beijing                                  0x08001e99   Thumb Code   104  ku.o(i.beijing)
    delay                                    0x08001f05   Thumb Code    12  nfc.o(i.delay)
    display_Chinese1616                      0x08001f11   Thumb Code   106  ku.o(i.display_Chinese1616)
    display_char                             0x08001f81   Thumb Code   122  ku.o(i.display_char)
    draw_point                               0x08002001   Thumb Code    52  ku.o(i.draw_point)
    ds1302init                               0x08002035   Thumb Code    44  ds1302.o(i.ds1302init)
    ds1302while1                             0x08002065   Thumb Code   258  ds1302.o(i.ds1302while1)
    kaiji                                    0x08002189   Thumb Code    16  ku.o(i.kaiji)
    main                                     0x08002199   Thumb Code  3650  main.o(i.main)
    nfcGPIO_Configuration                    0x08002fe5   Thumb Code    44  nfc.o(i.nfcGPIO_Configuration)
    nfcNVIC_Configuration                    0x08003019   Thumb Code    40  nfc.o(i.nfcNVIC_Configuration)
    nfcRCC_Configuration                     0x08003041   Thumb Code    18  nfc.o(i.nfcRCC_Configuration)
    nfcinit                                  0x08003055   Thumb Code    22  nfc.o(i.nfcinit)
    nfcwhile1                                0x08003071   Thumb Code   484  nfc.o(i.nfcwhile1)
    oled_pow                                 0x0800327d   Thumb Code    22  ku.o(i.oled_pow)
    printf_init                              0x08003295   Thumb Code   170  printf.o(i.printf_init)
    qieping                                  0x08003349   Thumb Code    28  ku.o(i.qieping)
    uDelay                                   0x08003369   Thumb Code    14  ku.o(i.uDelay)
    Region$$Table$$Base                      0x0800339c   Number         0  anon$$obj.o(Region$$Table)
    Region$$Table$$Limit                     0x080033bc   Number         0  anon$$obj.o(Region$$Table)
    nn                                       0x20000000   Data           4  main.o(.data)
    tt                                       0x2000001c   Data           7  ds1302.o(.data)
    year                                     0x20000023   Data           1  ds1302.o(.data)
    month                                    0x20000024   Data           1  ds1302.o(.data)
    day                                      0x20000025   Data           1  ds1302.o(.data)
    week                                     0x20000026   Data           1  ds1302.o(.data)
    hour                                     0x20000027   Data           1  ds1302.o(.data)
    minute                                   0x20000028   Data           1  ds1302.o(.data)
    second                                   0x20000029   Data           1  ds1302.o(.data)
    CardID                                   0x20000030   Data           4  nfc.o(.data)
    cardid                                   0x20000034   Data           1  nfc.o(.data)
    cardidlast                               0x20000035   Data           1  nfc.o(.data)
    time1                                    0x20000038   Data           4  nfc.o(.data)
    time2                                    0x2000003c   Data           4  nfc.o(.data)
    time                                     0x20000040   Data           4  nfc.o(.data)
    g_bReceOk                                0x20000044   Data           1  nfc.o(.data)
    g_bReceAA                                0x20000045   Data           1  nfc.o(.data)
    g_cReceNum                               0x20000048   Data           4  nfc.o(.data)
    g_cCommand                               0x2000004c   Data           4  nfc.o(.data)
    rece_data                                0x20000050   Data           1  nfc.o(.data)
    id                                       0x20000054   Data           4  nfc.o(.data)
    GPIO_InitStructure                       0x20000058   Data           4  nfc.o(.data)
    USART_ClockInitStruct                    0x2000005c   Data           8  nfc.o(.data)
    c_chFont1608                             0x20000064   Data        6080  ku.o(.data)
    Chinese1616                              0x20001824   Data        2688  ku.o(.data)
    gImage_zhuangshi                         0x200022a4   Data       13824  ku.o(.data)
    HSEStartUpStatus                         0x200058a4   Data           1  ku.o(.data)
    Ascii_1                                  0x200058a5   Data        1205  ku.o(.data)
    Ascii_2                                  0x20005d5a   Data         540  ku.o(.data)
    book                                     0x20005f78   Data        2240  main.o(.bss)
    USART_InitStructure                      0x20006838   Data          16  nfc.o(.bss)
    temp                                     0x20006848   Data          50  nfc.o(.bss)
    g_cReceBuf                               0x2000687a   Data          50  nfc.o(.bss)
    USART_InitStruct                         0x200068ac   Data          16  nfc.o(.bss)
    __initial_sp                             0x20006cc0   Data           0  startup_stm32f10x_hd.o(STACK)



==============================================================================

Memory Map of the image

  Image Entry point : 0x08000131

  Load Region LR_IROM1 (Base: 0x08000000, Size: 0x00009334, Max: 0x00080000, ABSOLUTE, COMPRESSED[0x00005b2c])

    Execution Region ER_IROM1 (Exec base: 0x08000000, Load base: 0x08000000, Size: 0x000033bc, Max: 0x00080000, ABSOLUTE)

    Exec Addr    Load Addr    Size         Type   Attr      Idx    E Section Name        Object

    0x08000000   0x08000000   0x00000130   Data   RO          220    RESET               startup_stm32f10x_hd.o
    0x08000130   0x08000130   0x00000000   Code   RO         1453  * .ARM.Collect$$$$00000000  mc_w.l(entry.o)
    0x08000130   0x08000130   0x00000004   Code   RO         1733    .ARM.Collect$$$$00000001  mc_w.l(entry2.o)
    0x08000134   0x08000134   0x00000004   Code   RO         1736    .ARM.Collect$$$$00000004  mc_w.l(entry5.o)
    0x08000138   0x08000138   0x00000000   Code   RO         1738    .ARM.Collect$$$$00000008  mc_w.l(entry7b.o)
    0x08000138   0x08000138   0x00000000   Code   RO         1740    .ARM.Collect$$$$0000000A  mc_w.l(entry8b.o)
    0x08000138   0x08000138   0x00000008   Code   RO         1741    .ARM.Collect$$$$0000000B  mc_w.l(entry9a.o)
    0x08000140   0x08000140   0x00000000   Code   RO         1743    .ARM.Collect$$$$0000000D  mc_w.l(entry10a.o)
    0x08000140   0x08000140   0x00000000   Code   RO         1745    .ARM.Collect$$$$0000000F  mc_w.l(entry11a.o)
    0x08000140   0x08000140   0x00000004   Code   RO         1734    .ARM.Collect$$$$00002712  mc_w.l(entry2.o)
    0x08000144   0x08000144   0x00000024   Code   RO          221    .text               startup_stm32f10x_hd.o
    0x08000168   0x08000168   0x00000024   Code   RO         1456    .text               mc_w.l(memcpya.o)
    0x0800018c   0x0800018c   0x0000014e   Code   RO         1721    .text               mf_w.l(dadd.o)
    0x080002da   0x080002da   0x000000e4   Code   RO         1723    .text               mf_w.l(dmul.o)
    0x080003be   0x080003be   0x000000de   Code   RO         1725    .text               mf_w.l(ddiv.o)
    0x0800049c   0x0800049c   0x00000022   Code   RO         1727    .text               mf_w.l(dflti.o)
    0x080004be   0x080004be   0x0000003e   Code   RO         1729    .text               mf_w.l(dfixi.o)
    0x080004fc   0x080004fc   0x00000030   Code   RO         1731    .text               mf_w.l(cdrcmple.o)
    0x0800052c   0x0800052c   0x0000001e   Code   RO         1752    .text               mc_w.l(llshl.o)
    0x0800054a   0x0800054a   0x00000020   Code   RO         1754    .text               mc_w.l(llushr.o)
    0x0800056a   0x0800056a   0x00000024   Code   RO         1756    .text               mc_w.l(llsshr.o)
    0x0800058e   0x0800058e   0x00000000   Code   RO         1758    .text               mc_w.l(iusefp.o)
    0x0800058e   0x0800058e   0x000000ba   Code   RO         1759    .text               mf_w.l(depilogue.o)
    0x08000648   0x08000648   0x00000024   Code   RO         1763    .text               mc_w.l(init.o)
    0x0800066c   0x0800066c   0x0000005e   Code   RO         1773    .text               mc_w.l(__dclz77c.o)
    0x080006ca   0x080006ca   0x00000002   PAD
    0x080006cc   0x080006cc   0x000000ac   Code   RO          985    i.Anticoll          nfc.o
    0x08000778   0x08000778   0x00000004   Code   RO          133    i.BusFault_Handler  stm32f10x_it.o
    0x0800077c   0x0800077c   0x00000040   Code   RO          658    i.DS1302ReceiveByte  ds1302.o
    0x080007bc   0x080007bc   0x00000048   Code   RO          659    i.DS1302SendByte    ds1302.o
    0x08000804   0x08000804   0x00000034   Code   RO          660    i.DS1302_Configuration  ds1302.o
    0x08000838   0x08000838   0x00000020   Code   RO          662    i.DS1302_IN         ds1302.o
    0x08000858   0x08000858   0x00000020   Code   RO          663    i.DS1302_OUT        ds1302.o
    0x08000878   0x08000878   0x00000002   Code   RO          134    i.DebugMon_Handler  stm32f10x_it.o
    0x0800087a   0x0800087a   0x00000030   Code   RO         1083    i.Delay             ku.o
    0x080008aa   0x080008aa   0x0000000c   Code   RO          664    i.DelayNOP          ds1302.o
    0x080008b6   0x080008b6   0x00000122   Code   RO         1084    i.Draw_Rectangle    ku.o
    0x080009d8   0x080009d8   0x00000060   Code   RO         1087    i.Fill_Block        ku.o
    0x08000a38   0x08000a38   0x00000044   Code   RO         1088    i.Fill_RAM          ku.o
    0x08000a7c   0x08000a7c   0x00000090   Code   RO          987    i.FindCard          nfc.o
    0x08000b0c   0x08000b0c   0x0000002c   Code   RO         1089    i.GPIO_Configuration1  ku.o
    0x08000b38   0x08000b38   0x0000002c   Code   RO         1090    i.GPIO_Configuration2  ku.o
    0x08000b64   0x08000b64   0x00000116   Code   RO          232    i.GPIO_Init         stm32f10x_gpio.o
    0x08000c7a   0x08000c7a   0x00000004   Code   RO          239    i.GPIO_ResetBits    stm32f10x_gpio.o
    0x08000c7e   0x08000c7e   0x00000004   Code   RO          240    i.GPIO_SetBits      stm32f10x_gpio.o
    0x08000c82   0x08000c82   0x00000004   Code   RO          135    i.HardFault_Handler  stm32f10x_it.o
    0x08000c86   0x08000c86   0x00000046   Code   RO          665    i.InitClock         ds1302.o
    0x08000ccc   0x08000ccc   0x00000004   Code   RO          136    i.MemManage_Handler  stm32f10x_it.o
    0x08000cd0   0x08000cd0   0x00000002   Code   RO          137    i.NMI_Handler       stm32f10x_it.o
    0x08000cd2   0x08000cd2   0x00000002   PAD
    0x08000cd4   0x08000cd4   0x00000070   Code   RO          540    i.NVIC_Init         misc.o
    0x08000d44   0x08000d44   0x00000014   Code   RO          541    i.NVIC_PriorityGroupConfig  misc.o
    0x08000d58   0x08000d58   0x000000e4   Code   RO         1092    i.OLED_Init         ku.o
    0x08000e3c   0x08000e3c   0x00000094   Code   RO         1093    i.OLED_ShowNum      ku.o
    0x08000ed0   0x08000ed0   0x00000002   Code   RO          138    i.PendSV_Handler    stm32f10x_it.o
    0x08000ed2   0x08000ed2   0x00000002   PAD
    0x08000ed4   0x08000ed4   0x00000020   Code   RO          344    i.RCC_APB2PeriphClockCmd  stm32f10x_rcc.o
    0x08000ef4   0x08000ef4   0x000000d4   Code   RO          352    i.RCC_GetClocksFreq  stm32f10x_rcc.o
    0x08000fc8   0x08000fc8   0x0000004c   Code   RO          666    i.Read1302          ds1302.o
    0x08001014   0x08001014   0x0000006c   Code   RO          667    i.ReadDS1302Clock   ds1302.o
    0x08001080   0x08001080   0x00000018   Code   RO          668    i.ReadDS1302Ram     ds1302.o
    0x08001098   0x08001098   0x00000002   Code   RO          139    i.SVC_Handler       stm32f10x_it.o
    0x0800109a   0x0800109a   0x00000002   PAD
    0x0800109c   0x0800109c   0x00000030   Code   RO          988    i.SendComData       nfc.o
    0x080010cc   0x080010cc   0x00000008   Code   RO          576    i.SetSysClock       system_stm32f10x.o
    0x080010d4   0x080010d4   0x000000e0   Code   RO          577    i.SetSysClockTo72   system_stm32f10x.o
    0x080011b4   0x080011b4   0x0000001a   Code   RO         1095    i.Set_Column_Address  ku.o
    0x080011ce   0x080011ce   0x00000012   Code   RO         1096    i.Set_Command_Lock  ku.o
    0x080011e0   0x080011e0   0x00000022   Code   RO         1097    i.Set_Contrast_Color  ku.o
    0x08001202   0x08001202   0x00000012   Code   RO         1098    i.Set_Display_Clock  ku.o
    0x08001214   0x08001214   0x0000001e   Code   RO         1099    i.Set_Display_Enhancement  ku.o
    0x08001232   0x08001232   0x0000000e   Code   RO         1100    i.Set_Display_Mode  ku.o
    0x08001240   0x08001240   0x00000012   Code   RO         1101    i.Set_Display_Offset  ku.o
    0x08001252   0x08001252   0x0000000e   Code   RO         1102    i.Set_Display_On_Off  ku.o
    0x08001260   0x08001260   0x00000012   Code   RO         1103    i.Set_Function_Selection  ku.o
    0x08001272   0x08001272   0x00000012   Code   RO         1104    i.Set_GPIO          ku.o
    0x08001284   0x08001284   0x00000184   Code   RO         1105    i.Set_Gray_Scale_Table  ku.o
    0x08001408   0x08001408   0x00000012   Code   RO         1107    i.Set_Master_Current  ku.o
    0x0800141a   0x0800141a   0x00000012   Code   RO         1108    i.Set_Multiplex_Ratio  ku.o
    0x0800142c   0x0800142c   0x00000012   Code   RO         1109    i.Set_Phase_Length  ku.o
    0x0800143e   0x0800143e   0x00000012   Code   RO         1110    i.Set_Precharge_Period  ku.o
    0x08001450   0x08001450   0x00000012   Code   RO         1111    i.Set_Precharge_Voltage  ku.o
    0x08001462   0x08001462   0x00000012   Code   RO         1113    i.Set_Remap_Format  ku.o
    0x08001474   0x08001474   0x0000001a   Code   RO         1114    i.Set_Row_Address   ku.o
    0x0800148e   0x0800148e   0x00000012   Code   RO         1115    i.Set_Start_Line    ku.o
    0x080014a0   0x080014a0   0x00000012   Code   RO         1116    i.Set_VCOMH         ku.o
    0x080014b2   0x080014b2   0x00000020   Code   RO         1117    i.Set_VSL           ku.o
    0x080014d2   0x080014d2   0x0000000a   Code   RO         1118    i.Set_Write_RAM     ku.o
    0x080014dc   0x080014dc   0x00000068   Code   RO         1120    i.Show_64k_Pattern  ku.o
    0x08001544   0x08001544   0x00000378   Code   RO         1123    i.Show_biaoge       ku.o
    0x080018bc   0x080018bc   0x00000028   Code   RO          544    i.SysTick_CLKSourceConfig  misc.o
    0x080018e4   0x080018e4   0x00000002   Code   RO          140    i.SysTick_Handler   stm32f10x_it.o
    0x080018e6   0x080018e6   0x00000002   PAD
    0x080018e8   0x080018e8   0x0000003c   Code   RO          629    i.SysTick_Init      systick.o
    0x08001924   0x08001924   0x00000060   Code   RO          579    i.SystemInit        system_stm32f10x.o
    0x08001984   0x08001984   0x00000104   Code   RO          989    i.USART1_IRQHandler  nfc.o
    0x08001a88   0x08001a88   0x00000012   Code   RO          802    i.USART_ClearFlag   stm32f10x_usart.o
    0x08001a9a   0x08001a9a   0x00000018   Code   RO          806    i.USART_Cmd         stm32f10x_usart.o
    0x08001ab2   0x08001ab2   0x00000002   PAD
    0x08001ab4   0x08001ab4   0x0000004c   Code   RO          990    i.USART_Config      nfc.o
    0x08001b00   0x08001b00   0x0000001a   Code   RO          809    i.USART_GetFlagStatus  stm32f10x_usart.o
    0x08001b1a   0x08001b1a   0x00000054   Code   RO          810    i.USART_GetITStatus  stm32f10x_usart.o
    0x08001b6e   0x08001b6e   0x0000004a   Code   RO          812    i.USART_ITConfig    stm32f10x_usart.o
    0x08001bb8   0x08001bb8   0x000000d8   Code   RO          813    i.USART_Init        stm32f10x_usart.o
    0x08001c90   0x08001c90   0x0000000a   Code   RO          820    i.USART_ReceiveData  stm32f10x_usart.o
    0x08001c9a   0x08001c9a   0x00000008   Code   RO          823    i.USART_SendData    stm32f10x_usart.o
    0x08001ca2   0x08001ca2   0x00000004   Code   RO          141    i.UsageFault_Handler  stm32f10x_it.o
    0x08001ca6   0x08001ca6   0x00000002   PAD
    0x08001ca8   0x08001ca8   0x00000044   Code   RO          671    i.Write1302         ds1302.o
    0x08001cec   0x08001cec   0x00000074   Code   RO          672    i.WriteDS1302Clock  ds1302.o
    0x08001d60   0x08001d60   0x00000028   Code   RO          673    i.WriteDS1302Ram    ds1302.o
    0x08001d88   0x08001d88   0x00000074   Code   RO         1127    i.Write_Command     ku.o
    0x08001dfc   0x08001dfc   0x0000007c   Code   RO         1128    i.Write_Data        ku.o
    0x08001e78   0x08001e78   0x0000000e   Code   RO         1767    i.__scatterload_copy  mc_w.l(handlers.o)
    0x08001e86   0x08001e86   0x00000002   Code   RO         1768    i.__scatterload_null  mc_w.l(handlers.o)
    0x08001e88   0x08001e88   0x0000000e   Code   RO         1769    i.__scatterload_zeroinit  mc_w.l(handlers.o)
    0x08001e96   0x08001e96   0x00000002   PAD
    0x08001e98   0x08001e98   0x0000006c   Code   RO         1129    i.beijing           ku.o
    0x08001f04   0x08001f04   0x0000000c   Code   RO          991    i.delay             nfc.o
    0x08001f10   0x08001f10   0x00000070   Code   RO         1130    i.display_Chinese1616  ku.o
    0x08001f80   0x08001f80   0x00000080   Code   RO         1131    i.display_char      ku.o
    0x08002000   0x08002000   0x00000034   Code   RO         1132    i.draw_point        ku.o
    0x08002034   0x08002034   0x00000030   Code   RO          675    i.ds1302init        ds1302.o
    0x08002064   0x08002064   0x00000124   Code   RO          676    i.ds1302while1      ds1302.o
    0x08002188   0x08002188   0x00000010   Code   RO         1133    i.kaiji             ku.o
    0x08002198   0x08002198   0x00000e4c   Code   RO            1    i.main              main.o
    0x08002fe4   0x08002fe4   0x00000034   Code   RO          992    i.nfcGPIO_Configuration  nfc.o
    0x08003018   0x08003018   0x00000028   Code   RO          993    i.nfcNVIC_Configuration  nfc.o
    0x08003040   0x08003040   0x00000012   Code   RO          994    i.nfcRCC_Configuration  nfc.o
    0x08003052   0x08003052   0x00000002   PAD
    0x08003054   0x08003054   0x0000001c   Code   RO          995    i.nfcinit           nfc.o
    0x08003070   0x08003070   0x0000020c   Code   RO          996    i.nfcwhile1         nfc.o
    0x0800327c   0x0800327c   0x00000016   Code   RO         1134    i.oled_pow          ku.o
    0x08003292   0x08003292   0x00000002   PAD
    0x08003294   0x08003294   0x000000b4   Code   RO          785    i.printf_init       printf.o
    0x08003348   0x08003348   0x00000020   Code   RO         1135    i.qieping           ku.o
    0x08003368   0x08003368   0x0000000e   Code   RO         1136    i.uDelay            ku.o
    0x08003376   0x08003376   0x00000002   PAD
    0x08003378   0x08003378   0x00000024   Data   RO            3    .constdata          main.o
    0x0800339c   0x0800339c   0x00000020   Data   RO         1765    Region$$Table       anon$$obj.o


    Execution Region RW_IRAM1 (Exec base: 0x20000000, Load base: 0x080033bc, Size: 0x00006cc0, Max: 0x00010000, ABSOLUTE, COMPRESSED[0x00002770])

    Exec Addr    Load Addr    Size         Type   Attr      Idx    E Section Name        Object

    0x20000000   COMPRESSED   0x00000004   Data   RW            4    .data               main.o
    0x20000004   COMPRESSED   0x00000014   Data   RW          372    .data               stm32f10x_rcc.o
    0x20000018   COMPRESSED   0x00000004   Data   RW          632    .data               systick.o
    0x2000001c   COMPRESSED   0x00000012   Data   RW          677    .data               ds1302.o
    0x2000002e   COMPRESSED   0x00000002   PAD
    0x20000030   COMPRESSED   0x00000034   Data   RW          998    .data               nfc.o
    0x20000064   COMPRESSED   0x00005f12   Data   RW         1137    .data               ku.o
    0x20005f76   COMPRESSED   0x00000002   PAD
    0x20005f78        -       0x000008c0   Zero   RW            2    .bss                main.o
    0x20006838        -       0x00000084   Zero   RW          997    .bss                nfc.o
    0x200068bc   COMPRESSED   0x00000004   PAD
    0x200068c0        -       0x00000400   Zero   RW          218    STACK               startup_stm32f10x_hd.o


==============================================================================

Image component sizes


      Code (inc. data)   RO Data    RW Data    ZI Data      Debug   Object Name

      1106         98          0         18          0       8909   ds1302.o
      3490         46          0      24338          0      24677   ku.o
      3660        112         36          4       2240     235397   main.o
       172         22          0          0          0       2185   misc.o
      1374        124          0         52        132       7461   nfc.o
       180         10          0          0          0        630   printf.o
        36          8        304          0       1024        828   startup_stm32f10x_hd.o
       286          0          0          0          0       3152   stm32f10x_gpio.o
        26          0          0          0          0       3710   stm32f10x_it.o
       244         26          0         20          0       3969   stm32f10x_rcc.o
       460          6          0          0          0      12383   stm32f10x_usart.o
       328         28          0          0          0       1897   system_stm32f10x.o
        60          8          0          4          0        687   systick.o

    ----------------------------------------------------------------------
     11440        488        372      24440       3400     305885   Object Totals
         0          0         32          0          0          0   (incl. Generated)
        18          0          0          4          4          0   (incl. Padding)

    ----------------------------------------------------------------------

      Code (inc. data)   RO Data    RW Data    ZI Data      Debug   Library Member Name

        94          0          0          0          0          0   __dclz77c.o
         0          0          0          0          0          0   entry.o
         0          0          0          0          0          0   entry10a.o
         0          0          0          0          0          0   entry11a.o
         8          4          0          0          0          0   entry2.o
         4          0          0          0          0          0   entry5.o
         0          0          0          0          0          0   entry7b.o
         0          0          0          0          0          0   entry8b.o
         8          4          0          0          0          0   entry9a.o
        30          0          0          0          0          0   handlers.o
        36          8          0          0          0         68   init.o
         0          0          0          0          0          0   iusefp.o
        30          0          0          0          0         68   llshl.o
        36          0          0          0          0         68   llsshr.o
        32          0          0          0          0         68   llushr.o
        36          0          0          0          0         68   memcpya.o
        48          0          0          0          0         68   cdrcmple.o
       334          0          0          0          0        148   dadd.o
       222          0          0          0          0        100   ddiv.o
       186          0          0          0          0        176   depilogue.o
        62          0          0          0          0         80   dfixi.o
        34          0          0          0          0         76   dflti.o
       228          0          0          0          0         96   dmul.o

    ----------------------------------------------------------------------
      1432         16          0          0          0       1084   Library Totals
         4          0          0          0          0          0   (incl. Padding)

    ----------------------------------------------------------------------

      Code (inc. data)   RO Data    RW Data    ZI Data      Debug   Library Name

       314         16          0          0          0        340   mc_w.l
      1114          0          0          0          0        744   mf_w.l

    ----------------------------------------------------------------------
      1432         16          0          0          0       1084   Library Totals

    ----------------------------------------------------------------------

==============================================================================


      Code (inc. data)   RO Data    RW Data    ZI Data      Debug   

     12872        504        372      24440       3400     301689   Grand Totals
     12872        504        372      10096       3400     301689   ELF Image Totals (compressed)
     12872        504        372      10096          0          0   ROM Totals

==============================================================================

    Total RO  Size (Code + RO Data)                13244 (  12.93kB)
    Total RW  Size (RW Data + ZI Data)             27840 (  27.19kB)
    Total ROM Size (Code + RO Data + RW Data)      23340 (  22.79kB)

==============================================================================

